Archive member included to satisfy reference by file (symbol)

../Middlewares/ST/STM32_Audio/Addons/PDM/Lib\libPDMFilter_CM4_GCC_wc32.a(pdm_filter.o)
                              PDM2PCM/App/pdm2pcm.o (PDM_Filter_Init)
../Middlewares/ST/STM32_Audio/Addons/PDM/Lib\libPDMFilter_CM4_GCC_wc32.a(stm32_crc_lock.o)
                              ../Middlewares/ST/STM32_Audio/Addons/PDM/Lib\libPDMFilter_CM4_GCC_wc32.a(pdm_filter.o) (CRC_Lock)
c:/st/stm32cubeide_1.5.0/stm32cubeide/plugins/com.st.stm32cube.ide.mcu.externaltools.gnu-tools-for-stm32.7-2018-q2-update.win32_1.5.0.202011040924/tools/bin/../lib/gcc/arm-none-eabi/7.3.1/../../../../arm-none-eabi/lib/thumb/v7e-m/fpv4-sp/hard\libc_nano.a(lib_a-errno.o)
                              Core/Src/syscalls.o (__errno)
c:/st/stm32cubeide_1.5.0/stm32cubeide/plugins/com.st.stm32cube.ide.mcu.externaltools.gnu-tools-for-stm32.7-2018-q2-update.win32_1.5.0.202011040924/tools/bin/../lib/gcc/arm-none-eabi/7.3.1/../../../../arm-none-eabi/lib/thumb/v7e-m/fpv4-sp/hard\libc_nano.a(lib_a-exit.o)
                              c:/st/stm32cubeide_1.5.0/stm32cubeide/plugins/com.st.stm32cube.ide.mcu.externaltools.gnu-tools-for-stm32.7-2018-q2-update.win32_1.5.0.202011040924/tools/bin/../lib/gcc/arm-none-eabi/7.3.1/../../../../arm-none-eabi/lib/thumb/v7e-m/fpv4-sp/hard/crt0.o (exit)
c:/st/stm32cubeide_1.5.0/stm32cubeide/plugins/com.st.stm32cube.ide.mcu.externaltools.gnu-tools-for-stm32.7-2018-q2-update.win32_1.5.0.202011040924/tools/bin/../lib/gcc/arm-none-eabi/7.3.1/../../../../arm-none-eabi/lib/thumb/v7e-m/fpv4-sp/hard\libc_nano.a(lib_a-impure.o)
                              c:/st/stm32cubeide_1.5.0/stm32cubeide/plugins/com.st.stm32cube.ide.mcu.externaltools.gnu-tools-for-stm32.7-2018-q2-update.win32_1.5.0.202011040924/tools/bin/../lib/gcc/arm-none-eabi/7.3.1/../../../../arm-none-eabi/lib/thumb/v7e-m/fpv4-sp/hard\libc_nano.a(lib_a-exit.o) (_global_impure_ptr)
c:/st/stm32cubeide_1.5.0/stm32cubeide/plugins/com.st.stm32cube.ide.mcu.externaltools.gnu-tools-for-stm32.7-2018-q2-update.win32_1.5.0.202011040924/tools/bin/../lib/gcc/arm-none-eabi/7.3.1/../../../../arm-none-eabi/lib/thumb/v7e-m/fpv4-sp/hard\libc_nano.a(lib_a-init.o)
                              c:/st/stm32cubeide_1.5.0/stm32cubeide/plugins/com.st.stm32cube.ide.mcu.externaltools.gnu-tools-for-stm32.7-2018-q2-update.win32_1.5.0.202011040924/tools/bin/../lib/gcc/arm-none-eabi/7.3.1/../../../../arm-none-eabi/lib/thumb/v7e-m/fpv4-sp/hard/crt0.o (__libc_init_array)
c:/st/stm32cubeide_1.5.0/stm32cubeide/plugins/com.st.stm32cube.ide.mcu.externaltools.gnu-tools-for-stm32.7-2018-q2-update.win32_1.5.0.202011040924/tools/bin/../lib/gcc/arm-none-eabi/7.3.1/../../../../arm-none-eabi/lib/thumb/v7e-m/fpv4-sp/hard\libc_nano.a(lib_a-malloc.o)
                              Middlewares/ST/STM32_USB_Device_Library/Class/CDC/Src/usbd_cdc.o (malloc)
c:/st/stm32cubeide_1.5.0/stm32cubeide/plugins/com.st.stm32cube.ide.mcu.externaltools.gnu-tools-for-stm32.7-2018-q2-update.win32_1.5.0.202011040924/tools/bin/../lib/gcc/arm-none-eabi/7.3.1/../../../../arm-none-eabi/lib/thumb/v7e-m/fpv4-sp/hard\libc_nano.a(lib_a-memcpy-stub.o)
                              Core/Src/cs43l22.o (memcpy)
c:/st/stm32cubeide_1.5.0/stm32cubeide/plugins/com.st.stm32cube.ide.mcu.externaltools.gnu-tools-for-stm32.7-2018-q2-update.win32_1.5.0.202011040924/tools/bin/../lib/gcc/arm-none-eabi/7.3.1/../../../../arm-none-eabi/lib/thumb/v7e-m/fpv4-sp/hard\libc_nano.a(lib_a-memset.o)
                              c:/st/stm32cubeide_1.5.0/stm32cubeide/plugins/com.st.stm32cube.ide.mcu.externaltools.gnu-tools-for-stm32.7-2018-q2-update.win32_1.5.0.202011040924/tools/bin/../lib/gcc/arm-none-eabi/7.3.1/../../../../arm-none-eabi/lib/thumb/v7e-m/fpv4-sp/hard/crt0.o (memset)
c:/st/stm32cubeide_1.5.0/stm32cubeide/plugins/com.st.stm32cube.ide.mcu.externaltools.gnu-tools-for-stm32.7-2018-q2-update.win32_1.5.0.202011040924/tools/bin/../lib/gcc/arm-none-eabi/7.3.1/../../../../arm-none-eabi/lib/thumb/v7e-m/fpv4-sp/hard\libc_nano.a(lib_a-nano-freer.o)
                              c:/st/stm32cubeide_1.5.0/stm32cubeide/plugins/com.st.stm32cube.ide.mcu.externaltools.gnu-tools-for-stm32.7-2018-q2-update.win32_1.5.0.202011040924/tools/bin/../lib/gcc/arm-none-eabi/7.3.1/../../../../arm-none-eabi/lib/thumb/v7e-m/fpv4-sp/hard\libc_nano.a(lib_a-malloc.o) (_free_r)
c:/st/stm32cubeide_1.5.0/stm32cubeide/plugins/com.st.stm32cube.ide.mcu.externaltools.gnu-tools-for-stm32.7-2018-q2-update.win32_1.5.0.202011040924/tools/bin/../lib/gcc/arm-none-eabi/7.3.1/../../../../arm-none-eabi/lib/thumb/v7e-m/fpv4-sp/hard\libc_nano.a(lib_a-nano-mallocr.o)
                              c:/st/stm32cubeide_1.5.0/stm32cubeide/plugins/com.st.stm32cube.ide.mcu.externaltools.gnu-tools-for-stm32.7-2018-q2-update.win32_1.5.0.202011040924/tools/bin/../lib/gcc/arm-none-eabi/7.3.1/../../../../arm-none-eabi/lib/thumb/v7e-m/fpv4-sp/hard\libc_nano.a(lib_a-malloc.o) (_malloc_r)
[...]
Memory Configuration

Name             Origin             Length             Attributes
RAM              0x0000000020000000 0x0000000000020000 xrw
FLASH            0x0000000008000000 0x0000000000080000 xr
*default*        0x0000000000000000 0xffffffffffffffff

Linker script and memory map

LOAD c:/st/stm32cubeide_1.5.0/stm32cubeide/plugins/com.st.stm32cube.ide.mcu.externaltools.gnu-tools-for-stm32.7-2018-q2-update.win32_1.5.0.202011040924/tools/bin/../lib/gcc/arm-none-eabi/7.3.1/thumb/v7e-m/fpv4-sp/hard/crti.o
LOAD c:/st/stm32cubeide_1.5.0/stm32cubeide/plugins/com.st.stm32cube.ide.mcu.externaltools.gnu-tools-for-stm32.7-2018-q2-update.win32_1.5.0.202011040924/tools/bin/../lib/gcc/arm-none-eabi/7.3.1/thumb/v7e-m/fpv4-sp/hard/crtbegin.o
LOAD c:/st/stm32cubeide_1.5.0/stm32cubeide/plugins/com.st.stm32cube.ide.mcu.externaltools.gnu-tools-for-stm32.7-2018-q2-update.win32_1.5.0.202011040924/tools/bin/../lib/gcc/arm-none-eabi/7.3.1/../../../../arm-none-eabi/lib/thumb/v7e-m/fpv4-sp/hard/crt0.o
LOAD Core/Src/crc.o
LOAD Core/Src/cs43l22.o
LOAD Core/Src/dma.o
LOAD Core/Src/gpio.o
LOAD Core/Src/i2c.o
LOAD Core/Src/i2s.o
LOAD Core/Src/kiss_fft.o
LOAD Core/Src/main.o
LOAD Core/Src/spi.o
LOAD Core/Src/stm32f4xx_hal_msp.o
LOAD Core/Src/stm32f4xx_it.o
LOAD Core/Src/syscalls.o
LOAD Core/Src/sysmem.o
LOAD Core/Src/system_stm32f4xx.o
LOAD Core/Src/tim.o
LOAD Core/Startup/startup_stm32f411vetx.o
LOAD Drivers/STM32F4xx_HAL_Driver/Src/stm32f4xx_hal.o
LOAD Drivers/STM32F4xx_HAL_Driver/Src/stm32f4xx_hal_cortex.o
LOAD Drivers/STM32F4xx_HAL_Driver/Src/stm32f4xx_hal_crc.o
LOAD Drivers/STM32F4xx_HAL_Driver/Src/stm32f4xx_hal_dma.o
LOAD Drivers/STM32F4xx_HAL_Driver/Src/stm32f4xx_hal_dma_ex.o
LOAD Drivers/STM32F4xx_HAL_Driver/Src/stm32f4xx_hal_exti.o
LOAD Drivers/STM32F4xx_HAL_Driver/Src/stm32f4xx_hal_flash.o
LOAD Drivers/STM32F4xx_HAL_Driver/Src/stm32f4xx_hal_flash_ex.o
LOAD Drivers/STM32F4xx_HAL_Driver/Src/stm32f4xx_hal_flash_ramfunc.o
LOAD Drivers/STM32F4xx_HAL_Driver/Src/stm32f4xx_hal_gpio.o
LOAD Drivers/STM32F4xx_HAL_Driver/Src/stm32f4xx_hal_i2c.o
LOAD Drivers/STM32F4xx_HAL_Driver/Src/stm32f4xx_hal_i2c_ex.o
LOAD Drivers/STM32F4xx_HAL_Driver/Src/stm32f4xx_hal_i2s.o
LOAD Drivers/STM32F4xx_HAL_Driver/Src/stm32f4xx_hal_i2s_ex.o
LOAD Drivers/STM32F4xx_HAL_Driver/Src/stm32f4xx_hal_pcd.o
LOAD Drivers/STM32F4xx_HAL_Driver/Src/stm32f4xx_hal_pcd_ex.o
LOAD Drivers/STM32F4xx_HAL_Driver/Src/stm32f4xx_hal_pwr.o
LOAD Drivers/STM32F4xx_HAL_Driver/Src/stm32f4xx_hal_pwr_ex.o
LOAD Drivers/STM32F4xx_HAL_Driver/Src/stm32f4xx_hal_rcc.o
LOAD Drivers/STM32F4xx_HAL_Driver/Src/stm32f4xx_hal_rcc_ex.o
LOAD Drivers/STM32F4xx_HAL_Driver/Src/stm32f4xx_hal_spi.o
LOAD Drivers/STM32F4xx_HAL_Driver/Src/stm32f4xx_hal_tim.o
LOAD Drivers/STM32F4xx_HAL_Driver/Src/stm32f4xx_hal_tim_ex.o
LOAD Drivers/STM32F4xx_HAL_Driver/Src/stm32f4xx_ll_usb.o
LOAD Middlewares/ST/STM32_USB_Device_Library/Class/CDC/Src/usbd_cdc.o
LOAD Middlewares/ST/STM32_USB_Device_Library/Core/Src/usbd_core.o
LOAD Middlewares/ST/STM32_USB_Device_Library/Core/Src/usbd_ctlreq.o
LOAD Middlewares/ST/STM32_USB_Device_Library/Core/Src/usbd_ioreq.o
LOAD PDM2PCM/App/pdm2pcm.o
LOAD USB_DEVICE/App/usb_device.o
LOAD USB_DEVICE/App/usbd_cdc_if.o
LOAD USB_DEVICE/App/usbd_desc.o
LOAD USB_DEVICE/Target/usbd_conf.o
LOAD ../Middlewares/ST/STM32_Audio/Addons/PDM/Lib\libPDMFilter_CM4_GCC_wc32.a
START GROUP
LOAD c:/st/stm32cubeide_1.5.0/stm32cubeide/plugins/com.st.stm32cube.ide.mcu.externaltools.gnu-tools-for-stm32.7-2018-q2-update.win32_1.5.0.202011040924/tools/bin/../lib/gcc/arm-none-eabi/7.3.1/../../../../arm-none-eabi/lib/thumb/v7e-m/fpv4-sp/hard\libc_nano.a
LOAD c:/st/stm32cubeide_1.5.0/stm32cubeide/plugins/com.st.stm32cube.ide.mcu.externaltools.gnu-tools-for-stm32.7-2018-q2-update.win32_1.5.0.202011040924/tools/bin/../lib/gcc/arm-none-eabi/7.3.1/../../../../arm-none-eabi/lib/thumb/v7e-m/fpv4-sp/hard\libm.a
END GROUP
START GROUP
LOAD c:/st/stm32cubeide_1.5.0/stm32cubeide/plugins/com.st.stm32cube.ide.mcu.externaltools.gnu-tools-for-stm32.7-2018-q2-update.win32_1.5.0.202011040924/tools/bin/../lib/gcc/arm-none-eabi/7.3.1/thumb/v7e-m/fpv4-sp/hard\libgcc.a
LOAD c:/st/stm32cubeide_1.5.0/stm32cubeide/plugins/com.st.stm32cube.ide.mcu.externaltools.gnu-tools-for-stm32.7-2018-q2-update.win32_1.5.0.202011040924/tools/bin/../lib/gcc/arm-none-eabi/7.3.1/../../../../arm-none-eabi/lib/thumb/v7e-m/fpv4-sp/hard\libc_nano.a
END GROUP
START GROUP
LOAD c:/st/stm32cubeide_1.5.0/stm32cubeide/plugins/com.st.stm32cube.ide.mcu.externaltools.gnu-tools-for-stm32.7-2018-q2-update.win32_1.5.0.202011040924/tools/bin/../lib/gcc/arm-none-eabi/7.3.1/thumb/v7e-m/fpv4-sp/hard\libgcc.a
LOAD c:/st/stm32cubeide_1.5.0/stm32cubeide/plugins/com.st.stm32cube.ide.mcu.externaltools.gnu-tools-for-stm32.7-2018-q2-update.win32_1.5.0.202011040924/tools/bin/../lib/gcc/arm-none-eabi/7.3.1/../../../../arm-none-eabi/lib/thumb/v7e-m/fpv4-sp/hard\libc_nano.a
LOAD c:/st/stm32cubeide_1.5.0/stm32cubeide/plugins/com.st.stm32cube.ide.mcu.externaltools.gnu-tools-for-stm32.7-2018-q2-update.win32_1.5.0.202011040924/tools/bin/../lib/gcc/arm-none-eabi/7.3.1/../../../../arm-none-eabi/lib/thumb/v7e-m/fpv4-sp/hard\libnosys.a
END GROUP
START GROUP
LOAD c:/st/stm32cubeide_1.5.0/stm32cubeide/plugins/com.st.stm32cube.ide.mcu.externaltools.gnu-tools-for-stm32.7-2018-q2-update.win32_1.5.0.202011040924/tools/bin/../lib/gcc/arm-none-eabi/7.3.1/thumb/v7e-m/fpv4-sp/hard\libgcc.a
LOAD c:/st/stm32cubeide_1.5.0/stm32cubeide/plugins/com.st.stm32cube.ide.mcu.externaltools.gnu-tools-for-stm32.7-2018-q2-update.win32_1.5.0.202011040924/tools/bin/../lib/gcc/arm-none-eabi/7.3.1/../../../../arm-none-eabi/lib/thumb/v7e-m/fpv4-sp/hard\libc_nano.a
LOAD c:/st/stm32cubeide_1.5.0/stm32cubeide/plugins/com.st.stm32cube.ide.mcu.externaltools.gnu-tools-for-stm32.7-2018-q2-update.win32_1.5.0.202011040924/tools/bin/../lib/gcc/arm-none-eabi/7.3.1/../../../../arm-none-eabi/lib/thumb/v7e-m/fpv4-sp/hard\libnosys.a
END GROUP
LOAD c:/st/stm32cubeide_1.5.0/stm32cubeide/plugins/com.st.stm32cube.ide.mcu.externaltools.gnu-tools-for-stm32.7-2018-q2-update.win32_1.5.0.202011040924/tools/bin/../lib/gcc/arm-none-eabi/7.3.1/thumb/v7e-m/fpv4-sp/hard/crtend.o
LOAD c:/st/stm32cubeide_1.5.0/stm32cubeide/plugins/com.st.stm32cube.ide.mcu.externaltools.gnu-tools-for-stm32.7-2018-q2-update.win32_1.5.0.202011040924/tools/bin/../lib/gcc/arm-none-eabi/7.3.1/thumb/v7e-m/fpv4-sp/hard/crtn.o
                0x0000000020020000                _estack = (ORIGIN (RAM) + LENGTH (RAM))
                0x0000000000002000                _Min_Heap_Size = 0x2000
                0x0000000000004000                _Min_Stack_Size = 0x4000

.isr_vector     0x0000000008000000      0x198
                0x0000000008000000                . = ALIGN (0x4)
 *(.isr_vector)
 .isr_vector    0x0000000008000000      0x198 Core/Startup/startup_stm32f411vetx.o
                0x0000000008000000                g_pfnVectors
                0x0000000008000198                . = ALIGN (0x4)

.text           0x0000000008000198     0xf818
                0x0000000008000198                . = ALIGN (0x4)
 *(.text)
 .text          0x0000000008000198       0x40 c:/st/stm32cubeide_1.5.0/stm32cubeide/plugins/com.st.stm32cube.ide.mcu.externaltools.gnu-tools-for-stm32.7-2018-q2-update.win32_1.5.0.202011040924/tools/bin/../lib/gcc/arm-none-eabi/7.3.1/thumb/v7e-m/fpv4-sp/hard/crtbegin.o
 .text          0x00000000080001d8      0x378 c:/st/stm32cubeide_1.5.0/stm32cubeide/plugins/com.st.stm32cube.ide.mcu.externaltools.gnu-tools-for-stm32.7-2018-q2-update.win32_1.5.0.202011040924/tools/bin/../lib/gcc/arm-none-eabi/7.3.1/thumb/v7e-m/fpv4-sp/hard\libgcc.a(_arm_addsubdf3.o)
                0x00000000080001d8                __aeabi_drsub
                0x00000000080001e0                __aeabi_dsub
                0x00000000080001e0                __subdf3
                0x00000000080001e4                __aeabi_dadd
                0x00000000080001e4                __adddf3
                0x000000000800045c                __floatunsidf
                0x000000000800045c                __aeabi_ui2d
                0x000000000800047c                __floatsidf
                0x000000000800047c                __aeabi_i2d
                0x00000000080004a0                __aeabi_f2d
                0x00000000080004a0                __extendsfdf2
                0x00000000080004e4                __floatundidf
                0x00000000080004e4                __aeabi_ul2d
                0x00000000080004f4                __floatdidf
                0x00000000080004f4                __aeabi_l2d
 .text          0x0000000008000550      0x424 c:/st/stm32cubeide_1.5.0/stm32cubeide/plugins/com.st.stm32cube.ide.mcu.externaltools.gnu-tools-for-stm32.7-2018-q2-update.win32_1.5.0.202011040924/tools/bin/../lib/gcc/arm-none-eabi/7.3.1/thumb/v7e-m/fpv4-sp/hard\libgcc.a(_arm_muldivdf3.o)
                0x0000000008000550                __aeabi_dmul
                0x0000000008000550                __muldf3
                0x00000000080007a4                __divdf3
                0x00000000080007a4                __aeabi_ddiv
 .text          0x0000000008000974      0x110 c:/st/stm32cubeide_1.5.0/stm32cubeide/plugins/com.st.stm32cube.ide.mcu.externaltools.gnu-tools-for-stm32.7-2018-q2-update.win32_1.5.0.202011040924/tools/bin/../lib/gcc/arm-none-eabi/7.3.1/thumb/v7e-m/fpv4-sp/hard\libgcc.a(_arm_cmpdf2.o)
                0x0000000008000974                __gtdf2
                0x0000000008000974                __gedf2
                0x000000000800097c                __ltdf2
                0x000000000800097c                __ledf2
                0x0000000008000984                __nedf2
                0x0000000008000984                __eqdf2
                0x0000000008000984                __cmpdf2
                0x0000000008000a00                __aeabi_cdrcmple
                0x0000000008000a10                __aeabi_cdcmpeq
                0x0000000008000a10                __aeabi_cdcmple
                0x0000000008000a20                __aeabi_dcmpeq
                0x0000000008000a34                __aeabi_dcmplt
                0x0000000008000a48                __aeabi_dcmple
                0x0000000008000a5c                __aeabi_dcmpge
                0x0000000008000a70                __aeabi_dcmpgt
 .text          0x0000000008000a84       0x2c c:/st/stm32cubeide_1.5.0/stm32cubeide/plugins/com.st.stm32cube.ide.mcu.externaltools.gnu-tools-for-stm32.7-2018-q2-update.win32_1.5.0.202011040924/tools/bin/../lib/gcc/arm-none-eabi/7.3.1/thumb/v7e-m/fpv4-sp/hard\libgcc.a(_arm_unorddf2.o)
                0x0000000008000a84                __unorddf2
                0x0000000008000a84                __aeabi_dcmpun
 .text          0x0000000008000ab0       0xa0 c:/st/stm32cubeide_1.5.0/stm32cubeide/plugins/com.st.stm32cube.ide.mcu.externaltools.gnu-tools-for-stm32.7-2018-q2-update.win32_1.5.0.202011040924/tools/bin/../lib/gcc/arm-none-eabi/7.3.1/thumb/v7e-m/fpv4-sp/hard\libgcc.a(_arm_truncdfsf2.o)
                0x0000000008000ab0                __truncdfsf2
                0x0000000008000ab0                __aeabi_d2f
 .text          0x0000000008000b50       0x30 c:/st/stm32cubeide_1.5.0/stm32cubeide/plugins/com.st.stm32cube.ide.mcu.externaltools.gnu-tools-for-stm32.7-2018-q2-update.win32_1.5.0.202011040924/tools/bin/../lib/gcc/arm-none-eabi/7.3.1/thumb/v7e-m/fpv4-sp/hard\libgcc.a(_aeabi_uldivmod.o)
                0x0000000008000b50                __aeabi_uldivmod
 .text          0x0000000008000b80      0x2cc c:/st/stm32cubeide_1.5.0/stm32cubeide/plugins/com.st.stm32cube.ide.mcu.externaltools.gnu-tools-for-stm32.7-2018-q2-update.win32_1.5.0.202011040924/tools/bin/../lib/gcc/arm-none-eabi/7.3.1/thumb/v7e-m/fpv4-sp/hard\libgcc.a(_udivmoddi4.o)
                0x0000000008000b80                __udivmoddi4
 .text          0x0000000008000e4c        0x4 c:/st/stm32cubeide_1.5.0/stm32cubeide/plugins/com.st.stm32cube.ide.mcu.externaltools.gnu-tools-for-stm32.7-2018-q2-update.win32_1.5.0.202011040924/tools/bin/../lib/gcc/arm-none-eabi/7.3.1/thumb/v7e-m/fpv4-sp/hard\libgcc.a(_dvmd_tls.o)
                0x0000000008000e4c                __aeabi_idiv0
                0x0000000008000e4c                __aeabi_ldiv0
 *(.text*)
 .text.MX_CRC_Init
                0x0000000008000e50       0x28 Core/Src/crc.o
                0x0000000008000e50                MX_CRC_Init
 .text.HAL_CRC_MspInit
                0x0000000008000e78       0x44 Core/Src/crc.o
                0x0000000008000e78                HAL_CRC_MspInit
 .text.write_register
                0x0000000008000ebc       0x3c Core/Src/cs43l22.o
 .text.read_register
                0x0000000008000ef8       0x44 Core/Src/cs43l22.o
 .text.CS43_Init
                0x0000000008000f3c      0x228 Core/Src/cs43l22.o
                0x0000000008000f3c                CS43_Init
 .text.CS43_Enable_RightLeft
                0x0000000008001164       0xb8 Core/Src/cs43l22.o
                0x0000000008001164                CS43_Enable_RightLeft
 .text.CS43_SetVolume
                0x000000000800121c       0x84 Core/Src/cs43l22.o
                0x000000000800121c                CS43_SetVolume
 .text.CS43_Start
                0x00000000080012a0       0x84 Core/Src/cs43l22.o
                0x00000000080012a0                CS43_Start
 .text.MX_DMA_Init
                0x0000000008001324       0x40 Core/Src/dma.o
                0x0000000008001324                MX_DMA_Init
 .text.MX_GPIO_Init
                0x0000000008001364      0x1b0 Core/Src/gpio.o
                0x0000000008001364                MX_GPIO_Init
 .text.MX_I2C1_Init
                0x0000000008001514       0x5c Core/Src/i2c.o
                0x0000000008001514                MX_I2C1_Init
 .text.HAL_I2C_MspInit
                0x0000000008001570       0x90 Core/Src/i2c.o
                0x0000000008001570                HAL_I2C_MspInit
 .text.MX_I2S2_Init
                0x0000000008001600       0x5c Core/Src/i2s.o
                0x0000000008001600                MX_I2S2_Init
 .text.MX_I2S3_Init
                0x000000000800165c       0x5c Core/Src/i2s.o
                0x000000000800165c                MX_I2S3_Init
 .text.HAL_I2S_MspInit
                0x00000000080016b8      0x224 Core/Src/i2s.o
                0x00000000080016b8                HAL_I2S_MspInit
 .text.FFT      0x00000000080018dc      0x31c Core/Src/kiss_fft.o
                0x00000000080018dc                FFT
 .text.start_vibro
                0x0000000008001bf8      0x1a4 Core/Src/main.o
                0x0000000008001bf8                start_vibro
 .text.main     0x0000000008001d9c      0x2a8 Core/Src/main.o
                0x0000000008001d9c                main
 .text.SystemClock_Config
                0x0000000008002044      0x108 Core/Src/main.o
                0x0000000008002044                SystemClock_Config
 .text.HAL_I2S_TxCpltCallback
                0x000000000800214c       0x20 Core/Src/main.o
                0x000000000800214c                HAL_I2S_TxCpltCallback
 .text.HAL_I2S_RxHalfCpltCallback
                0x000000000800216c       0x20 Core/Src/main.o
                0x000000000800216c                HAL_I2S_RxHalfCpltCallback
 .text.HAL_I2S_RxCpltCallback
                0x000000000800218c       0x20 Core/Src/main.o
                0x000000000800218c                HAL_I2S_RxCpltCallback
 .text.Error_Handler
                0x00000000080021ac        0xe Core/Src/main.o
                0x00000000080021ac                Error_Handler
 .text.assert_failed
                0x00000000080021ba       0x16 Core/Src/main.o
                0x00000000080021ba                assert_failed
 .text.MX_SPI1_Init
                0x00000000080021d0       0x6c Core/Src/spi.o
                0x00000000080021d0                MX_SPI1_Init
 .text.HAL_SPI_MspInit
                0x000000000800223c       0x90 Core/Src/spi.o
                0x000000000800223c                HAL_SPI_MspInit
 .text.HAL_MspInit
                0x00000000080022cc       0x50 Core/Src/stm32f4xx_hal_msp.o
                0x00000000080022cc                HAL_MspInit
 .text.NMI_Handler
                0x000000000800231c        0xe Core/Src/stm32f4xx_it.o
                0x000000000800231c                NMI_Handler
 .text.HardFault_Handler
                0x000000000800232a        0x6 Core/Src/stm32f4xx_it.o
                0x000000000800232a                HardFault_Handler
 .text.MemManage_Handler
                0x0000000008002330        0x6 Core/Src/stm32f4xx_it.o
                0x0000000008002330                MemManage_Handler
 .text.BusFault_Handler
                0x0000000008002336        0x6 Core/Src/stm32f4xx_it.o
                0x0000000008002336                BusFault_Handler
 .text.UsageFault_Handler
                0x000000000800233c        0x6 Core/Src/stm32f4xx_it.o
                0x000000000800233c                UsageFault_Handler
 .text.SVC_Handler
                0x0000000008002342        0xe Core/Src/stm32f4xx_it.o
                0x0000000008002342                SVC_Handler
 .text.DebugMon_Handler
                0x0000000008002350        0xe Core/Src/stm32f4xx_it.o
                0x0000000008002350                DebugMon_Handler
 .text.PendSV_Handler
                0x000000000800235e        0xe Core/Src/stm32f4xx_it.o
                0x000000000800235e                PendSV_Handler
 .text.SysTick_Handler
                0x000000000800236c        0xc Core/Src/stm32f4xx_it.o
                0x000000000800236c                SysTick_Handler
 .text.DMA1_Stream5_IRQHandler
                0x0000000008002378       0x14 Core/Src/stm32f4xx_it.o
                0x0000000008002378                DMA1_Stream5_IRQHandler
 .text.SPI2_IRQHandler
                0x000000000800238c       0x14 Core/Src/stm32f4xx_it.o
                0x000000000800238c                SPI2_IRQHandler
 .text.SPI3_IRQHandler
                0x00000000080023a0       0x14 Core/Src/stm32f4xx_it.o
                0x00000000080023a0                SPI3_IRQHandler
 .text.OTG_FS_IRQHandler
                0x00000000080023b4       0x14 Core/Src/stm32f4xx_it.o
                0x00000000080023b4                OTG_FS_IRQHandler
 .text._sbrk    0x00000000080023c8       0x6c Core/Src/sysmem.o
                0x00000000080023c8                _sbrk
 .text.SystemInit
                0x0000000008002434       0x2c Core/Src/system_stm32f4xx.o
                0x0000000008002434                SystemInit
 .text.MX_TIM4_Init
                0x0000000008002460      0x130 Core/Src/tim.o
                0x0000000008002460                MX_TIM4_Init
 .text.HAL_TIM_Base_MspInit
                0x0000000008002590       0x44 Core/Src/tim.o
                0x0000000008002590                HAL_TIM_Base_MspInit
 .text.HAL_TIM_MspPostInit
                0x00000000080025d4       0x74 Core/Src/tim.o
                0x00000000080025d4                HAL_TIM_MspPostInit
 .text.Reset_Handler
                0x0000000008002648       0x50 Core/Startup/startup_stm32f411vetx.o
                0x0000000008002648                Reset_Handler
 .text.Default_Handler
                0x0000000008002698        0x2 Core/Startup/startup_stm32f411vetx.o
                0x0000000008002698                RTC_Alarm_IRQHandler
                0x0000000008002698                EXTI2_IRQHandler
                0x0000000008002698                SPI4_IRQHandler
                0x0000000008002698                TIM1_CC_IRQHandler
                0x0000000008002698                DMA2_Stream5_IRQHandler
                0x0000000008002698                PVD_IRQHandler
                0x0000000008002698                SDIO_IRQHandler
                0x0000000008002698                TAMP_STAMP_IRQHandler
                0x0000000008002698                EXTI3_IRQHandler
                0x0000000008002698                TIM1_UP_TIM10_IRQHandler
                0x0000000008002698                I2C3_ER_IRQHandler
                0x0000000008002698                EXTI0_IRQHandler
                0x0000000008002698                I2C2_EV_IRQHandler
                0x0000000008002698                DMA1_Stream2_IRQHandler
                0x0000000008002698                FPU_IRQHandler
                0x0000000008002698                DMA2_Stream2_IRQHandler
                0x0000000008002698                SPI1_IRQHandler
                0x0000000008002698                TIM1_BRK_TIM9_IRQHandler
                0x0000000008002698                DMA2_Stream3_IRQHandler
                0x0000000008002698                USART6_IRQHandler
                0x0000000008002698                DMA2_Stream0_IRQHandler
                0x0000000008002698                TIM4_IRQHandler
                0x0000000008002698                I2C1_EV_IRQHandler
                0x0000000008002698                DMA1_Stream6_IRQHandler
                0x0000000008002698                DMA1_Stream1_IRQHandler
                0x0000000008002698                TIM3_IRQHandler
                0x0000000008002698                RCC_IRQHandler
                0x0000000008002698                Default_Handler
                0x0000000008002698                EXTI15_10_IRQHandler
                0x0000000008002698                ADC_IRQHandler
                0x0000000008002698                DMA1_Stream7_IRQHandler
                0x0000000008002698                SPI5_IRQHandler
                0x0000000008002698                TIM5_IRQHandler
                0x0000000008002698                DMA2_Stream7_IRQHandler
                0x0000000008002698                I2C3_EV_IRQHandler
                0x0000000008002698                EXTI9_5_IRQHandler
                0x0000000008002698                RTC_WKUP_IRQHandler
                0x0000000008002698                DMA1_Stream0_IRQHandler
                0x0000000008002698                EXTI4_IRQHandler
                0x0000000008002698                WWDG_IRQHandler
                0x0000000008002698                TIM2_IRQHandler
                0x0000000008002698                OTG_FS_WKUP_IRQHandler
                0x0000000008002698                TIM1_TRG_COM_TIM11_IRQHandler
                0x0000000008002698                EXTI1_IRQHandler
                0x0000000008002698                USART2_IRQHandler
                0x0000000008002698                I2C2_ER_IRQHandler
                0x0000000008002698                DMA2_Stream1_IRQHandler
                0x0000000008002698                FLASH_IRQHandler
                0x0000000008002698                DMA2_Stream4_IRQHandler
                0x0000000008002698                USART1_IRQHandler
                0x0000000008002698                DMA1_Stream4_IRQHandler
                0x0000000008002698                I2C1_ER_IRQHandler
                0x0000000008002698                DMA2_Stream6_IRQHandler
                0x0000000008002698                DMA1_Stream3_IRQHandler
 *fill*         0x000000000800269a        0x2 
 .text.HAL_Init
                0x000000000800269c       0x44 Drivers/STM32F4xx_HAL_Driver/Src/stm32f4xx_hal.o
                0x000000000800269c                HAL_Init
 .text.HAL_InitTick
                0x00000000080026e0       0x60 Drivers/STM32F4xx_HAL_Driver/Src/stm32f4xx_hal.o
                0x00000000080026e0                HAL_InitTick
 .text.HAL_IncTick
                0x0000000008002740       0x28 Drivers/STM32F4xx_HAL_Driver/Src/stm32f4xx_hal.o
                0x0000000008002740                HAL_IncTick
 .text.HAL_GetTick
                0x0000000008002768       0x18 Drivers/STM32F4xx_HAL_Driver/Src/stm32f4xx_hal.o
                0x0000000008002768                HAL_GetTick
 .text.HAL_Delay
                0x0000000008002780       0x44 Drivers/STM32F4xx_HAL_Driver/Src/stm32f4xx_hal.o
                0x0000000008002780                HAL_Delay
 .text.__NVIC_SetPriorityGrouping
                0x00000000080027c4       0x48 Drivers/STM32F4xx_HAL_Driver/Src/stm32f4xx_hal_cortex.o
 .text.__NVIC_GetPriorityGrouping
                0x000000000800280c       0x1c Drivers/STM32F4xx_HAL_Driver/Src/stm32f4xx_hal_cortex.o
 .text.__NVIC_EnableIRQ
                0x0000000008002828       0x3c Drivers/STM32F4xx_HAL_Driver/Src/stm32f4xx_hal_cortex.o
 .text.__NVIC_SetPriority
                0x0000000008002864       0x54 Drivers/STM32F4xx_HAL_Driver/Src/stm32f4xx_hal_cortex.o
 .text.NVIC_EncodePriority
                0x00000000080028b8       0x66 Drivers/STM32F4xx_HAL_Driver/Src/stm32f4xx_hal_cortex.o
 *fill*         0x000000000800291e        0x2 
 .text.SysTick_Config
                0x0000000008002920       0x44 Drivers/STM32F4xx_HAL_Driver/Src/stm32f4xx_hal_cortex.o
 .text.HAL_NVIC_SetPriorityGrouping
                0x0000000008002964       0x40 Drivers/STM32F4xx_HAL_Driver/Src/stm32f4xx_hal_cortex.o
                0x0000000008002964                HAL_NVIC_SetPriorityGrouping
 .text.HAL_NVIC_SetPriority
                0x00000000080029a4       0x58 Drivers/STM32F4xx_HAL_Driver/Src/stm32f4xx_hal_cortex.o
                0x00000000080029a4                HAL_NVIC_SetPriority
 .text.HAL_NVIC_EnableIRQ
                0x00000000080029fc       0x30 Drivers/STM32F4xx_HAL_Driver/Src/stm32f4xx_hal_cortex.o
                0x00000000080029fc                HAL_NVIC_EnableIRQ
 .text.HAL_SYSTICK_Config
                0x0000000008002a2c       0x18 Drivers/STM32F4xx_HAL_Driver/Src/stm32f4xx_hal_cortex.o
                0x0000000008002a2c                HAL_SYSTICK_Config
 .text.HAL_CRC_Init
                0x0000000008002a44       0x54 Drivers/STM32F4xx_HAL_Driver/Src/stm32f4xx_hal_crc.o
                0x0000000008002a44                HAL_CRC_Init
 .text.HAL_DMA_Init
                0x0000000008002a98      0x438 Drivers/STM32F4xx_HAL_Driver/Src/stm32f4xx_hal_dma.o
                0x0000000008002a98                HAL_DMA_Init
 .text.HAL_DMA_Start_IT
                0x0000000008002ed0       0xcc Drivers/STM32F4xx_HAL_Driver/Src/stm32f4xx_hal_dma.o
                0x0000000008002ed0                HAL_DMA_Start_IT
 .text.HAL_DMA_IRQHandler
                0x0000000008002f9c      0x314 Drivers/STM32F4xx_HAL_Driver/Src/stm32f4xx_hal_dma.o
                0x0000000008002f9c                HAL_DMA_IRQHandler
 .text.DMA_SetConfig
                0x00000000080032b0       0x5c Drivers/STM32F4xx_HAL_Driver/Src/stm32f4xx_hal_dma.o
 .text.DMA_CalcBaseAndBitshift
                0x000000000800330c       0x6c Drivers/STM32F4xx_HAL_Driver/Src/stm32f4xx_hal_dma.o
 .text.DMA_CheckFifoParam
                0x0000000008003378       0xf4 Drivers/STM32F4xx_HAL_Driver/Src/stm32f4xx_hal_dma.o
 .text.HAL_GPIO_Init
                0x000000000800346c      0x550 Drivers/STM32F4xx_HAL_Driver/Src/stm32f4xx_hal_gpio.o
                0x000000000800346c                HAL_GPIO_Init
 .text.HAL_GPIO_WritePin
                0x00000000080039bc       0x64 Drivers/STM32F4xx_HAL_Driver/Src/stm32f4xx_hal_gpio.o
                0x00000000080039bc                HAL_GPIO_WritePin
 .text.HAL_I2C_Init
                0x0000000008003a20      0x380 Drivers/STM32F4xx_HAL_Driver/Src/stm32f4xx_hal_i2c.o
                0x0000000008003a20                HAL_I2C_Init
 .text.HAL_I2C_Master_Transmit
                0x0000000008003da0      0x1fc Drivers/STM32F4xx_HAL_Driver/Src/stm32f4xx_hal_i2c.o
                0x0000000008003da0                HAL_I2C_Master_Transmit
 .text.HAL_I2C_Master_Receive
                0x0000000008003f9c      0x44c Drivers/STM32F4xx_HAL_Driver/Src/stm32f4xx_hal_i2c.o
                0x0000000008003f9c                HAL_I2C_Master_Receive
 .text.I2C_MasterRequestWrite
                0x00000000080043e8      0x104 Drivers/STM32F4xx_HAL_Driver/Src/stm32f4xx_hal_i2c.o
 .text.I2C_MasterRequestRead
                0x00000000080044ec      0x19c Drivers/STM32F4xx_HAL_Driver/Src/stm32f4xx_hal_i2c.o
 .text.I2C_WaitOnFlagUntilTimeout
                0x0000000008004688       0xae Drivers/STM32F4xx_HAL_Driver/Src/stm32f4xx_hal_i2c.o
 .text.I2C_WaitOnMasterAddressFlagUntilTimeout
                0x0000000008004736       0xfe Drivers/STM32F4xx_HAL_Driver/Src/stm32f4xx_hal_i2c.o
 .text.I2C_WaitOnTXEFlagUntilTimeout
                0x0000000008004834       0x82 Drivers/STM32F4xx_HAL_Driver/Src/stm32f4xx_hal_i2c.o
 .text.I2C_WaitOnBTFFlagUntilTimeout
                0x00000000080048b6       0x82 Drivers/STM32F4xx_HAL_Driver/Src/stm32f4xx_hal_i2c.o
 .text.I2C_WaitOnRXNEFlagUntilTimeout
                0x0000000008004938       0xac Drivers/STM32F4xx_HAL_Driver/Src/stm32f4xx_hal_i2c.o
 .text.I2C_IsAcknowledgeFailed
                0x00000000080049e4       0x5e Drivers/STM32F4xx_HAL_Driver/Src/stm32f4xx_hal_i2c.o
 *fill*         0x0000000008004a42        0x2 
 .text.HAL_I2S_Init
                0x0000000008004a44      0x3fc Drivers/STM32F4xx_HAL_Driver/Src/stm32f4xx_hal_i2s.o
                0x0000000008004a44                HAL_I2S_Init
 .text.HAL_I2S_Receive
                0x0000000008004e40      0x192 Drivers/STM32F4xx_HAL_Driver/Src/stm32f4xx_hal_i2s.o
                0x0000000008004e40                HAL_I2S_Receive
 *fill*         0x0000000008004fd2        0x2 
 .text.HAL_I2S_Receive_DMA
                0x0000000008004fd4      0x178 Drivers/STM32F4xx_HAL_Driver/Src/stm32f4xx_hal_i2s.o
                0x0000000008004fd4                HAL_I2S_Receive_DMA
 .text.HAL_I2S_IRQHandler
                0x000000000800514c       0x18 Drivers/STM32F4xx_HAL_Driver/Src/stm32f4xx_hal_i2s.o
                0x000000000800514c                HAL_I2S_IRQHandler
 .text.HAL_I2S_ErrorCallback
                0x0000000008005164       0x14 Drivers/STM32F4xx_HAL_Driver/Src/stm32f4xx_hal_i2s.o
                0x0000000008005164                HAL_I2S_ErrorCallback
 .text.I2S_DMARxCplt
                0x0000000008005178       0x42 Drivers/STM32F4xx_HAL_Driver/Src/stm32f4xx_hal_i2s.o
 .text.I2S_DMARxHalfCplt
                0x00000000080051ba       0x1c Drivers/STM32F4xx_HAL_Driver/Src/stm32f4xx_hal_i2s.o
 .text.I2S_DMAError
                0x00000000080051d6       0x4c Drivers/STM32F4xx_HAL_Driver/Src/stm32f4xx_hal_i2s.o
 .text.I2S_Transmit_IT
                0x0000000008005222       0x5c Drivers/STM32F4xx_HAL_Driver/Src/stm32f4xx_hal_i2s.o
 .text.I2S_Receive_IT
                0x000000000800527e       0x5e Drivers/STM32F4xx_HAL_Driver/Src/stm32f4xx_hal_i2s.o
 .text.I2S_IRQHandler
                0x00000000080052dc      0x114 Drivers/STM32F4xx_HAL_Driver/Src/stm32f4xx_hal_i2s.o
 .text.I2S_WaitFlagStateUntilTimeout
                0x00000000080053f0       0x72 Drivers/STM32F4xx_HAL_Driver/Src/stm32f4xx_hal_i2s.o
 *fill*         0x0000000008005462        0x2 
 .text.HAL_I2SEx_FullDuplex_IRQHandler
                0x0000000008005464      0x2a8 Drivers/STM32F4xx_HAL_Driver/Src/stm32f4xx_hal_i2s_ex.o
                0x0000000008005464                HAL_I2SEx_FullDuplex_IRQHandler
 .text.HAL_I2SEx_TxRxCpltCallback
                0x000000000800570c       0x14 Drivers/STM32F4xx_HAL_Driver/Src/stm32f4xx_hal_i2s_ex.o
                0x000000000800570c                HAL_I2SEx_TxRxCpltCallback
 .text.I2SEx_TxISR_I2S
                0x0000000008005720       0x62 Drivers/STM32F4xx_HAL_Driver/Src/stm32f4xx_hal_i2s_ex.o
 *fill*         0x0000000008005782        0x2 
 .text.I2SEx_TxISR_I2SExt
                0x0000000008005784       0x98 Drivers/STM32F4xx_HAL_Driver/Src/stm32f4xx_hal_i2s_ex.o
 .text.I2SEx_RxISR_I2S
                0x000000000800581c       0x64 Drivers/STM32F4xx_HAL_Driver/Src/stm32f4xx_hal_i2s_ex.o
 .text.I2SEx_RxISR_I2SExt
                0x0000000008005880       0x98 Drivers/STM32F4xx_HAL_Driver/Src/stm32f4xx_hal_i2s_ex.o
 .text.HAL_PCD_Init
                0x0000000008005918      0x250 Drivers/STM32F4xx_HAL_Driver/Src/stm32f4xx_hal_pcd.o
                0x0000000008005918                HAL_PCD_Init
 .text.HAL_PCD_Start
                0x0000000008005b68       0x66 Drivers/STM32F4xx_HAL_Driver/Src/stm32f4xx_hal_pcd.o
                0x0000000008005b68                HAL_PCD_Start
 .text.HAL_PCD_IRQHandler
                0x0000000008005bce      0x764 Drivers/STM32F4xx_HAL_Driver/Src/stm32f4xx_hal_pcd.o
                0x0000000008005bce                HAL_PCD_IRQHandler
 .text.HAL_PCD_SetAddress
                0x0000000008006332       0x4a Drivers/STM32F4xx_HAL_Driver/Src/stm32f4xx_hal_pcd.o
                0x0000000008006332                HAL_PCD_SetAddress
 .text.HAL_PCD_EP_Open
                0x000000000800637c       0xd0 Drivers/STM32F4xx_HAL_Driver/Src/stm32f4xx_hal_pcd.o
                0x000000000800637c                HAL_PCD_EP_Open
 .text.HAL_PCD_EP_Close
                0x000000000800644c       0x94 Drivers/STM32F4xx_HAL_Driver/Src/stm32f4xx_hal_pcd.o
                0x000000000800644c                HAL_PCD_EP_Close
 .text.HAL_PCD_EP_Receive
                0x00000000080064e0       0x96 Drivers/STM32F4xx_HAL_Driver/Src/stm32f4xx_hal_pcd.o
                0x00000000080064e0                HAL_PCD_EP_Receive
 .text.HAL_PCD_EP_GetRxCount
                0x0000000008006576       0x30 Drivers/STM32F4xx_HAL_Driver/Src/stm32f4xx_hal_pcd.o
                0x0000000008006576                HAL_PCD_EP_GetRxCount
 .text.HAL_PCD_EP_Transmit
                0x00000000080065a6       0x94 Drivers/STM32F4xx_HAL_Driver/Src/stm32f4xx_hal_pcd.o
                0x00000000080065a6                HAL_PCD_EP_Transmit
 .text.HAL_PCD_EP_SetStall
                0x000000000800663a       0xc8 Drivers/STM32F4xx_HAL_Driver/Src/stm32f4xx_hal_pcd.o
                0x000000000800663a                HAL_PCD_EP_SetStall
 .text.HAL_PCD_EP_ClrStall
                0x0000000008006702       0xac Drivers/STM32F4xx_HAL_Driver/Src/stm32f4xx_hal_pcd.o
                0x0000000008006702                HAL_PCD_EP_ClrStall
 .text.PCD_WriteEmptyTxFifo
                0x00000000080067ae      0x11a Drivers/STM32F4xx_HAL_Driver/Src/stm32f4xx_hal_pcd.o
 .text.PCD_EP_OutXfrComplete_int
                0x00000000080068c8      0x218 Drivers/STM32F4xx_HAL_Driver/Src/stm32f4xx_hal_pcd.o
 .text.PCD_EP_OutSetupPacket_int
                0x0000000008006ae0       0x8c Drivers/STM32F4xx_HAL_Driver/Src/stm32f4xx_hal_pcd.o
 .text.HAL_PCDEx_SetTxFiFo
                0x0000000008006b6c       0x8e Drivers/STM32F4xx_HAL_Driver/Src/stm32f4xx_hal_pcd_ex.o
                0x0000000008006b6c                HAL_PCDEx_SetTxFiFo
 .text.HAL_PCDEx_SetRxFiFo
                0x0000000008006bfa       0x22 Drivers/STM32F4xx_HAL_Driver/Src/stm32f4xx_hal_pcd_ex.o
                0x0000000008006bfa                HAL_PCDEx_SetRxFiFo
 .text.HAL_PCDEx_LPM_Callback
                0x0000000008006c1c       0x18 Drivers/STM32F4xx_HAL_Driver/Src/stm32f4xx_hal_pcd_ex.o
                0x0000000008006c1c                HAL_PCDEx_LPM_Callback
 .text.HAL_RCC_OscConfig
                0x0000000008006c34      0x640 Drivers/STM32F4xx_HAL_Driver/Src/stm32f4xx_hal_rcc.o
                0x0000000008006c34                HAL_RCC_OscConfig
 .text.HAL_RCC_ClockConfig
                0x0000000008007274      0x31c Drivers/STM32F4xx_HAL_Driver/Src/stm32f4xx_hal_rcc.o
                0x0000000008007274                HAL_RCC_ClockConfig
 .text.HAL_RCC_GetSysClockFreq
                0x0000000008007590      0x1b0 Drivers/STM32F4xx_HAL_Driver/Src/stm32f4xx_hal_rcc.o
                0x0000000008007590                HAL_RCC_GetSysClockFreq
 .text.HAL_RCC_GetHCLKFreq
                0x0000000008007740       0x18 Drivers/STM32F4xx_HAL_Driver/Src/stm32f4xx_hal_rcc.o
                0x0000000008007740                HAL_RCC_GetHCLKFreq
 .text.HAL_RCC_GetPCLK1Freq
                0x0000000008007758       0x28 Drivers/STM32F4xx_HAL_Driver/Src/stm32f4xx_hal_rcc.o
                0x0000000008007758                HAL_RCC_GetPCLK1Freq
 .text.HAL_RCCEx_PeriphCLKConfig
                0x0000000008007780      0x428 Drivers/STM32F4xx_HAL_Driver/Src/stm32f4xx_hal_rcc_ex.o
                0x0000000008007780                HAL_RCCEx_PeriphCLKConfig
 .text.HAL_RCCEx_GetPeriphCLKFreq
                0x0000000008007ba8       0xbc Drivers/STM32F4xx_HAL_Driver/Src/stm32f4xx_hal_rcc_ex.o
                0x0000000008007ba8                HAL_RCCEx_GetPeriphCLKFreq
 .text.HAL_SPI_Init
                0x0000000008007c64      0x25c Drivers/STM32F4xx_HAL_Driver/Src/stm32f4xx_hal_spi.o
                0x0000000008007c64                HAL_SPI_Init
 .text.HAL_TIM_Base_Init
                0x0000000008007ec0      0x144 Drivers/STM32F4xx_HAL_Driver/Src/stm32f4xx_hal_tim.o
                0x0000000008007ec0                HAL_TIM_Base_Init
 .text.HAL_TIM_PWM_Init
                0x0000000008008004      0x144 Drivers/STM32F4xx_HAL_Driver/Src/stm32f4xx_hal_tim.o
                0x0000000008008004                HAL_TIM_PWM_Init
 .text.HAL_TIM_PWM_MspInit
                0x0000000008008148       0x14 Drivers/STM32F4xx_HAL_Driver/Src/stm32f4xx_hal_tim.o
                0x0000000008008148                HAL_TIM_PWM_MspInit
 .text.HAL_TIM_PWM_Start
                0x000000000800815c      0x168 Drivers/STM32F4xx_HAL_Driver/Src/stm32f4xx_hal_tim.o
                0x000000000800815c                HAL_TIM_PWM_Start
 .text.HAL_TIM_PWM_ConfigChannel
                0x00000000080082c4      0x354 Drivers/STM32F4xx_HAL_Driver/Src/stm32f4xx_hal_tim.o
                0x00000000080082c4                HAL_TIM_PWM_ConfigChannel
 .text.HAL_TIM_ConfigClockSource
                0x0000000008008618      0x5f0 Drivers/STM32F4xx_HAL_Driver/Src/stm32f4xx_hal_tim.o
                0x0000000008008618                HAL_TIM_ConfigClockSource
 .text.TIM_Base_SetConfig
                0x0000000008008c08      0x100 Drivers/STM32F4xx_HAL_Driver/Src/stm32f4xx_hal_tim.o
                0x0000000008008c08                TIM_Base_SetConfig
 .text.TIM_OC1_SetConfig
                0x0000000008008d08      0x120 Drivers/STM32F4xx_HAL_Driver/Src/stm32f4xx_hal_tim.o
 .text.TIM_OC2_SetConfig
                0x0000000008008e28      0x128 Drivers/STM32F4xx_HAL_Driver/Src/stm32f4xx_hal_tim.o
                0x0000000008008e28                TIM_OC2_SetConfig
 .text.TIM_OC3_SetConfig
                0x0000000008008f50      0x128 Drivers/STM32F4xx_HAL_Driver/Src/stm32f4xx_hal_tim.o
 .text.TIM_OC4_SetConfig
                0x0000000008009078       0xbc Drivers/STM32F4xx_HAL_Driver/Src/stm32f4xx_hal_tim.o
 .text.TIM_TI1_ConfigInputStage
                0x0000000008009134       0x5e Drivers/STM32F4xx_HAL_Driver/Src/stm32f4xx_hal_tim.o
 .text.TIM_TI2_ConfigInputStage
                0x0000000008009192       0x60 Drivers/STM32F4xx_HAL_Driver/Src/stm32f4xx_hal_tim.o
 .text.TIM_ITRx_SetConfig
                0x00000000080091f2       0x36 Drivers/STM32F4xx_HAL_Driver/Src/stm32f4xx_hal_tim.o
 .text.TIM_ETR_SetConfig
                0x0000000008009228       0x40 Drivers/STM32F4xx_HAL_Driver/Src/stm32f4xx_hal_tim.o
                0x0000000008009228                TIM_ETR_SetConfig
 .text.TIM_CCxChannelCmd
                0x0000000008009268       0xd8 Drivers/STM32F4xx_HAL_Driver/Src/stm32f4xx_hal_tim.o
                0x0000000008009268                TIM_CCxChannelCmd
 .text.HAL_TIMEx_MasterConfigSynchronization
                0x0000000008009340      0x17c Drivers/STM32F4xx_HAL_Driver/Src/stm32f4xx_hal_tim_ex.o
                0x0000000008009340                HAL_TIMEx_MasterConfigSynchronization
 .text.USB_CoreInit
                0x00000000080094bc       0xc2 Drivers/STM32F4xx_HAL_Driver/Src/stm32f4xx_ll_usb.o
                0x00000000080094bc                USB_CoreInit
 *fill*         0x000000000800957e        0x2 
 .text.USB_SetTurnaroundTime
                0x0000000008009580      0x144 Drivers/STM32F4xx_HAL_Driver/Src/stm32f4xx_ll_usb.o
                0x0000000008009580                USB_SetTurnaroundTime
 .text.USB_EnableGlobalInt
                0x00000000080096c4       0x22 Drivers/STM32F4xx_HAL_Driver/Src/stm32f4xx_ll_usb.o
                0x00000000080096c4                USB_EnableGlobalInt
 .text.USB_DisableGlobalInt
                0x00000000080096e6       0x22 Drivers/STM32F4xx_HAL_Driver/Src/stm32f4xx_ll_usb.o
                0x00000000080096e6                USB_DisableGlobalInt
 .text.USB_SetCurrentMode
                0x0000000008009708       0x54 Drivers/STM32F4xx_HAL_Driver/Src/stm32f4xx_ll_usb.o
                0x0000000008009708                USB_SetCurrentMode
 .text.USB_DevInit
                0x000000000800975c      0x2c8 Drivers/STM32F4xx_HAL_Driver/Src/stm32f4xx_ll_usb.o
                0x000000000800975c                USB_DevInit
 .text.USB_FlushTxFifo
                0x0000000008009a24       0x4c Drivers/STM32F4xx_HAL_Driver/Src/stm32f4xx_ll_usb.o
                0x0000000008009a24                USB_FlushTxFifo
 .text.USB_FlushRxFifo
                0x0000000008009a70       0x44 Drivers/STM32F4xx_HAL_Driver/Src/stm32f4xx_ll_usb.o
                0x0000000008009a70                USB_FlushRxFifo
 .text.USB_SetDevSpeed
                0x0000000008009ab4       0x32 Drivers/STM32F4xx_HAL_Driver/Src/stm32f4xx_ll_usb.o
                0x0000000008009ab4                USB_SetDevSpeed
 .text.USB_GetDevSpeed
                0x0000000008009ae6       0x4a Drivers/STM32F4xx_HAL_Driver/Src/stm32f4xx_ll_usb.o
                0x0000000008009ae6                USB_GetDevSpeed
 .text.USB_ActivateEndpoint
                0x0000000008009b30      0x10e Drivers/STM32F4xx_HAL_Driver/Src/stm32f4xx_ll_usb.o
                0x0000000008009b30                USB_ActivateEndpoint
 *fill*         0x0000000008009c3e        0x2 
 .text.USB_DeactivateEndpoint
                0x0000000008009c40      0x1b8 Drivers/STM32F4xx_HAL_Driver/Src/stm32f4xx_ll_usb.o
                0x0000000008009c40                USB_DeactivateEndpoint
 .text.USB_EPStartXfer
                0x0000000008009df8      0x488 Drivers/STM32F4xx_HAL_Driver/Src/stm32f4xx_ll_usb.o
                0x0000000008009df8                USB_EPStartXfer
 .text.USB_EP0StartXfer
                0x000000000800a280      0x2a6 Drivers/STM32F4xx_HAL_Driver/Src/stm32f4xx_ll_usb.o
                0x000000000800a280                USB_EP0StartXfer
 .text.USB_WritePacket
                0x000000000800a526       0x6a Drivers/STM32F4xx_HAL_Driver/Src/stm32f4xx_ll_usb.o
                0x000000000800a526                USB_WritePacket
 .text.USB_ReadPacket
                0x000000000800a590       0x52 Drivers/STM32F4xx_HAL_Driver/Src/stm32f4xx_ll_usb.o
                0x000000000800a590                USB_ReadPacket
 .text.USB_EPSetStall
                0x000000000800a5e2       0xdc Drivers/STM32F4xx_HAL_Driver/Src/stm32f4xx_ll_usb.o
                0x000000000800a5e2                USB_EPSetStall
 .text.USB_EPClearStall
                0x000000000800a6be       0xcc Drivers/STM32F4xx_HAL_Driver/Src/stm32f4xx_ll_usb.o
                0x000000000800a6be                USB_EPClearStall
 .text.USB_SetDevAddress
                0x000000000800a78a       0x4c Drivers/STM32F4xx_HAL_Driver/Src/stm32f4xx_ll_usb.o
                0x000000000800a78a                USB_SetDevAddress
 .text.USB_DevConnect
                0x000000000800a7d6       0x42 Drivers/STM32F4xx_HAL_Driver/Src/stm32f4xx_ll_usb.o
                0x000000000800a7d6                USB_DevConnect
 .text.USB_DevDisconnect
                0x000000000800a818       0x42 Drivers/STM32F4xx_HAL_Driver/Src/stm32f4xx_ll_usb.o
                0x000000000800a818                USB_DevDisconnect
 .text.USB_ReadInterrupts
                0x000000000800a85a       0x26 Drivers/STM32F4xx_HAL_Driver/Src/stm32f4xx_ll_usb.o
                0x000000000800a85a                USB_ReadInterrupts
 .text.USB_ReadDevAllOutEpInterrupt
                0x000000000800a880       0x34 Drivers/STM32F4xx_HAL_Driver/Src/stm32f4xx_ll_usb.o
                0x000000000800a880                USB_ReadDevAllOutEpInterrupt
 .text.USB_ReadDevAllInEpInterrupt
                0x000000000800a8b4       0x34 Drivers/STM32F4xx_HAL_Driver/Src/stm32f4xx_ll_usb.o
                0x000000000800a8b4                USB_ReadDevAllInEpInterrupt
 .text.USB_ReadDevOutEPInterrupt
                0x000000000800a8e8       0x3c Drivers/STM32F4xx_HAL_Driver/Src/stm32f4xx_ll_usb.o
                0x000000000800a8e8                USB_ReadDevOutEPInterrupt
 .text.USB_ReadDevInEPInterrupt
                0x000000000800a924       0x5c Drivers/STM32F4xx_HAL_Driver/Src/stm32f4xx_ll_usb.o
                0x000000000800a924                USB_ReadDevInEPInterrupt
 .text.USB_GetMode
                0x000000000800a980       0x1c Drivers/STM32F4xx_HAL_Driver/Src/stm32f4xx_ll_usb.o
                0x000000000800a980                USB_GetMode
 .text.USB_ActivateSetup
                0x000000000800a99c       0x46 Drivers/STM32F4xx_HAL_Driver/Src/stm32f4xx_ll_usb.o
                0x000000000800a99c                USB_ActivateSetup
 *fill*         0x000000000800a9e2        0x2 
 .text.USB_EP0_OutStart
                0x000000000800a9e4       0xbc Drivers/STM32F4xx_HAL_Driver/Src/stm32f4xx_ll_usb.o
                0x000000000800a9e4                USB_EP0_OutStart
 .text.USB_CoreReset
                0x000000000800aaa0       0x68 Drivers/STM32F4xx_HAL_Driver/Src/stm32f4xx_ll_usb.o
 .text.USBD_CDC_Init
                0x000000000800ab08      0x100 Middlewares/ST/STM32_USB_Device_Library/Class/CDC/Src/usbd_cdc.o
 .text.USBD_CDC_DeInit
                0x000000000800ac08       0x78 Middlewares/ST/STM32_USB_Device_Library/Class/CDC/Src/usbd_cdc.o
 .text.USBD_CDC_Setup
                0x000000000800ac80      0x178 Middlewares/ST/STM32_USB_Device_Library/Class/CDC/Src/usbd_cdc.o
 .text.USBD_CDC_DataIn
                0x000000000800adf8       0xbe Middlewares/ST/STM32_USB_Device_Library/Class/CDC/Src/usbd_cdc.o
 .text.USBD_CDC_DataOut
                0x000000000800aeb6       0x56 Middlewares/ST/STM32_USB_Device_Library/Class/CDC/Src/usbd_cdc.o
 .text.USBD_CDC_EP0_RxReady
                0x000000000800af0c       0x50 Middlewares/ST/STM32_USB_Device_Library/Class/CDC/Src/usbd_cdc.o
 .text.USBD_CDC_GetFSCfgDesc
                0x000000000800af5c       0x20 Middlewares/ST/STM32_USB_Device_Library/Class/CDC/Src/usbd_cdc.o
 .text.USBD_CDC_GetHSCfgDesc
                0x000000000800af7c       0x20 Middlewares/ST/STM32_USB_Device_Library/Class/CDC/Src/usbd_cdc.o
 .text.USBD_CDC_GetOtherSpeedCfgDesc
                0x000000000800af9c       0x20 Middlewares/ST/STM32_USB_Device_Library/Class/CDC/Src/usbd_cdc.o
 .text.USBD_CDC_GetDeviceQualifierDescriptor
                0x000000000800afbc       0x20 Middlewares/ST/STM32_USB_Device_Library/Class/CDC/Src/usbd_cdc.o
                0x000000000800afbc                USBD_CDC_GetDeviceQualifierDescriptor
 .text.USBD_CDC_RegisterInterface
                0x000000000800afdc       0x2a Middlewares/ST/STM32_USB_Device_Library/Class/CDC/Src/usbd_cdc.o
                0x000000000800afdc                USBD_CDC_RegisterInterface
 .text.USBD_CDC_SetTxBuffer
                0x000000000800b006       0x32 Middlewares/ST/STM32_USB_Device_Library/Class/CDC/Src/usbd_cdc.o
                0x000000000800b006                USBD_CDC_SetTxBuffer
 .text.USBD_CDC_SetRxBuffer
                0x000000000800b038       0x28 Middlewares/ST/STM32_USB_Device_Library/Class/CDC/Src/usbd_cdc.o
                0x000000000800b038                USBD_CDC_SetRxBuffer
 .text.USBD_CDC_ReceivePacket
                0x000000000800b060       0x54 Middlewares/ST/STM32_USB_Device_Library/Class/CDC/Src/usbd_cdc.o
                0x000000000800b060                USBD_CDC_ReceivePacket
 .text.USBD_Init
                0x000000000800b0b4       0x6c Middlewares/ST/STM32_USB_Device_Library/Core/Src/usbd_core.o
                0x000000000800b0b4                USBD_Init
 .text.USBD_RegisterClass
                0x000000000800b120       0x42 Middlewares/ST/STM32_USB_Device_Library/Core/Src/usbd_core.o
                0x000000000800b120                USBD_RegisterClass
 .text.USBD_Start
                0x000000000800b162       0x18 Middlewares/ST/STM32_USB_Device_Library/Core/Src/usbd_core.o
                0x000000000800b162                USBD_Start
 .text.USBD_RunTestMode
                0x000000000800b17a       0x16 Middlewares/ST/STM32_USB_Device_Library/Core/Src/usbd_core.o
                0x000000000800b17a                USBD_RunTestMode
 .text.USBD_SetClassConfig
                0x000000000800b190       0x38 Middlewares/ST/STM32_USB_Device_Library/Core/Src/usbd_core.o
                0x000000000800b190                USBD_SetClassConfig
 .text.USBD_ClrClassConfig
                0x000000000800b1c8       0x30 Middlewares/ST/STM32_USB_Device_Library/Core/Src/usbd_core.o
                0x000000000800b1c8                USBD_ClrClassConfig
 .text.USBD_LL_SetupStage
                0x000000000800b1f8       0xa6 Middlewares/ST/STM32_USB_Device_Library/Core/Src/usbd_core.o
                0x000000000800b1f8                USBD_LL_SetupStage
 .text.USBD_LL_DataOutStage
                0x000000000800b29e       0xc6 Middlewares/ST/STM32_USB_Device_Library/Core/Src/usbd_core.o
                0x000000000800b29e                USBD_LL_DataOutStage
 .text.USBD_LL_DataInStage
                0x000000000800b364      0x12c Middlewares/ST/STM32_USB_Device_Library/Core/Src/usbd_core.o
                0x000000000800b364                USBD_LL_DataInStage
 .text.USBD_LL_Reset
                0x000000000800b490       0x82 Middlewares/ST/STM32_USB_Device_Library/Core/Src/usbd_core.o
                0x000000000800b490                USBD_LL_Reset
 .text.USBD_LL_SetSpeed
                0x000000000800b512       0x20 Middlewares/ST/STM32_USB_Device_Library/Core/Src/usbd_core.o
                0x000000000800b512                USBD_LL_SetSpeed
 .text.USBD_LL_Suspend
                0x000000000800b532       0x2a Middlewares/ST/STM32_USB_Device_Library/Core/Src/usbd_core.o
                0x000000000800b532                USBD_LL_Suspend
 .text.USBD_LL_Resume
                0x000000000800b55c       0x2c Middlewares/ST/STM32_USB_Device_Library/Core/Src/usbd_core.o
                0x000000000800b55c                USBD_LL_Resume
 .text.USBD_LL_SOF
                0x000000000800b588       0x34 Middlewares/ST/STM32_USB_Device_Library/Core/Src/usbd_core.o
                0x000000000800b588                USBD_LL_SOF
 .text.USBD_LL_IsoINIncomplete
                0x000000000800b5bc       0x1a Middlewares/ST/STM32_USB_Device_Library/Core/Src/usbd_core.o
                0x000000000800b5bc                USBD_LL_IsoINIncomplete
 .text.USBD_LL_IsoOUTIncomplete
                0x000000000800b5d6       0x1a Middlewares/ST/STM32_USB_Device_Library/Core/Src/usbd_core.o
                0x000000000800b5d6                USBD_LL_IsoOUTIncomplete
 .text.USBD_LL_DevConnected
                0x000000000800b5f0       0x16 Middlewares/ST/STM32_USB_Device_Library/Core/Src/usbd_core.o
                0x000000000800b5f0                USBD_LL_DevConnected
 .text.USBD_LL_DevDisconnected
                0x000000000800b606       0x38 Middlewares/ST/STM32_USB_Device_Library/Core/Src/usbd_core.o
                0x000000000800b606                USBD_LL_DevDisconnected
 .text.SWAPBYTE
                0x000000000800b63e       0x3c Middlewares/ST/STM32_USB_Device_Library/Core/Src/usbd_ctlreq.o
 *fill*         0x000000000800b67a        0x2 
 .text.USBD_StdDevReq
                0x000000000800b67c       0xdc Middlewares/ST/STM32_USB_Device_Library/Core/Src/usbd_ctlreq.o
                0x000000000800b67c                USBD_StdDevReq
 .text.USBD_StdItfReq
                0x000000000800b758       0x8c Middlewares/ST/STM32_USB_Device_Library/Core/Src/usbd_ctlreq.o
                0x000000000800b758                USBD_StdItfReq
 .text.USBD_StdEPReq
                0x000000000800b7e4      0x2aa Middlewares/ST/STM32_USB_Device_Library/Core/Src/usbd_ctlreq.o
                0x000000000800b7e4                USBD_StdEPReq
 *fill*         0x000000000800ba8e        0x2 
 .text.USBD_GetDescriptor
                0x000000000800ba90      0x2d4 Middlewares/ST/STM32_USB_Device_Library/Core/Src/usbd_ctlreq.o
 .text.USBD_SetAddress
                0x000000000800bd64       0x84 Middlewares/ST/STM32_USB_Device_Library/Core/Src/usbd_ctlreq.o
 .text.USBD_SetConfig
                0x000000000800bde8      0x148 Middlewares/ST/STM32_USB_Device_Library/Core/Src/usbd_ctlreq.o
 .text.USBD_GetConfig
                0x000000000800bf30       0x68 Middlewares/ST/STM32_USB_Device_Library/Core/Src/usbd_ctlreq.o
 .text.USBD_GetStatus
                0x000000000800bf98       0x66 Middlewares/ST/STM32_USB_Device_Library/Core/Src/usbd_ctlreq.o
 .text.USBD_SetFeature
                0x000000000800bffe       0x28 Middlewares/ST/STM32_USB_Device_Library/Core/Src/usbd_ctlreq.o
 .text.USBD_ClrFeature
                0x000000000800c026       0x42 Middlewares/ST/STM32_USB_Device_Library/Core/Src/usbd_ctlreq.o
 .text.USBD_ParseSetupRequest
                0x000000000800c068       0x74 Middlewares/ST/STM32_USB_Device_Library/Core/Src/usbd_ctlreq.o
                0x000000000800c068                USBD_ParseSetupRequest
 .text.USBD_CtlError
                0x000000000800c0dc       0x22 Middlewares/ST/STM32_USB_Device_Library/Core/Src/usbd_ctlreq.o
                0x000000000800c0dc                USBD_CtlError
 .text.USBD_GetString
                0x000000000800c0fe       0x8c Middlewares/ST/STM32_USB_Device_Library/Core/Src/usbd_ctlreq.o
                0x000000000800c0fe                USBD_GetString
 .text.USBD_GetLen
                0x000000000800c18a       0x34 Middlewares/ST/STM32_USB_Device_Library/Core/Src/usbd_ctlreq.o
 .text.USBD_CtlSendData
                0x000000000800c1be       0x36 Middlewares/ST/STM32_USB_Device_Library/Core/Src/usbd_ioreq.o
                0x000000000800c1be                USBD_CtlSendData
 .text.USBD_CtlContinueSendData
                0x000000000800c1f4       0x22 Middlewares/ST/STM32_USB_Device_Library/Core/Src/usbd_ioreq.o
                0x000000000800c1f4                USBD_CtlContinueSendData
 .text.USBD_CtlPrepareRx
                0x000000000800c216       0x3a Middlewares/ST/STM32_USB_Device_Library/Core/Src/usbd_ioreq.o
                0x000000000800c216                USBD_CtlPrepareRx
 .text.USBD_CtlContinueRx
                0x000000000800c250       0x22 Middlewares/ST/STM32_USB_Device_Library/Core/Src/usbd_ioreq.o
                0x000000000800c250                USBD_CtlContinueRx
 .text.USBD_CtlSendStatus
                0x000000000800c272       0x26 Middlewares/ST/STM32_USB_Device_Library/Core/Src/usbd_ioreq.o
                0x000000000800c272                USBD_CtlSendStatus
 .text.USBD_CtlReceiveStatus
                0x000000000800c298       0x26 Middlewares/ST/STM32_USB_Device_Library/Core/Src/usbd_ioreq.o
                0x000000000800c298                USBD_CtlReceiveStatus
 *fill*         0x000000000800c2be        0x2 
 .text.MX_PDM2PCM_Init
                0x000000000800c2c0       0x54 PDM2PCM/App/pdm2pcm.o
                0x000000000800c2c0                MX_PDM2PCM_Init
 .text.MX_USB_DEVICE_Init
                0x000000000800c314       0x60 USB_DEVICE/App/usb_device.o
                0x000000000800c314                MX_USB_DEVICE_Init
 .text.CDC_Init_FS
                0x000000000800c374       0x28 USB_DEVICE/App/usbd_cdc_if.o
 .text.CDC_DeInit_FS
                0x000000000800c39c       0x10 USB_DEVICE/App/usbd_cdc_if.o
 .text.CDC_Control_FS
                0x000000000800c3ac       0xbc USB_DEVICE/App/usbd_cdc_if.o
 .text.CDC_Receive_FS
                0x000000000800c468       0x28 USB_DEVICE/App/usbd_cdc_if.o
 .text.CDC_TransmitCplt_FS
                0x000000000800c490       0x22 USB_DEVICE/App/usbd_cdc_if.o
 *fill*         0x000000000800c4b2        0x2 
 .text.USBD_FS_DeviceDescriptor
                0x000000000800c4b4       0x24 USB_DEVICE/App/usbd_desc.o
                0x000000000800c4b4                USBD_FS_DeviceDescriptor
 .text.USBD_FS_LangIDStrDescriptor
                0x000000000800c4d8       0x24 USB_DEVICE/App/usbd_desc.o
                0x000000000800c4d8                USBD_FS_LangIDStrDescriptor
 .text.USBD_FS_ProductStrDescriptor
                0x000000000800c4fc       0x3c USB_DEVICE/App/usbd_desc.o
                0x000000000800c4fc                USBD_FS_ProductStrDescriptor
 .text.USBD_FS_ManufacturerStrDescriptor
                0x000000000800c538       0x28 USB_DEVICE/App/usbd_desc.o
                0x000000000800c538                USBD_FS_ManufacturerStrDescriptor
 .text.USBD_FS_SerialStrDescriptor
                0x000000000800c560       0x24 USB_DEVICE/App/usbd_desc.o
                0x000000000800c560                USBD_FS_SerialStrDescriptor
 .text.USBD_FS_ConfigStrDescriptor
                0x000000000800c584       0x3c USB_DEVICE/App/usbd_desc.o
                0x000000000800c584                USBD_FS_ConfigStrDescriptor
 .text.USBD_FS_InterfaceStrDescriptor
                0x000000000800c5c0       0x3c USB_DEVICE/App/usbd_desc.o
                0x000000000800c5c0                USBD_FS_InterfaceStrDescriptor
 .text.Get_SerialNum
                0x000000000800c5fc       0x58 USB_DEVICE/App/usbd_desc.o
 .text.IntToUnicode
                0x000000000800c654       0x7c USB_DEVICE/App/usbd_desc.o
 .text.HAL_PCD_MspInit
                0x000000000800c6d0       0xc4 USB_DEVICE/Target/usbd_conf.o
                0x000000000800c6d0                HAL_PCD_MspInit
 .text.HAL_PCD_SetupStageCallback
                0x000000000800c794       0x24 USB_DEVICE/Target/usbd_conf.o
                0x000000000800c794                HAL_PCD_SetupStageCallback
 .text.HAL_PCD_DataOutStageCallback
                0x000000000800c7b8       0x36 USB_DEVICE/Target/usbd_conf.o
                0x000000000800c7b8                HAL_PCD_DataOutStageCallback
 .text.HAL_PCD_DataInStageCallback
                0x000000000800c7ee       0x34 USB_DEVICE/Target/usbd_conf.o
                0x000000000800c7ee                HAL_PCD_DataInStageCallback
 .text.HAL_PCD_SOFCallback
                0x000000000800c822       0x1c USB_DEVICE/Target/usbd_conf.o
                0x000000000800c822                HAL_PCD_SOFCallback
 .text.HAL_PCD_ResetCallback
                0x000000000800c83e       0x3c USB_DEVICE/Target/usbd_conf.o
                0x000000000800c83e                HAL_PCD_ResetCallback
 *fill*         0x000000000800c87a        0x2 
 .text.HAL_PCD_SuspendCallback
                0x000000000800c87c       0x4c USB_DEVICE/Target/usbd_conf.o
                0x000000000800c87c                HAL_PCD_SuspendCallback
 .text.HAL_PCD_ResumeCallback
                0x000000000800c8c8       0x1c USB_DEVICE/Target/usbd_conf.o
                0x000000000800c8c8                HAL_PCD_ResumeCallback
 .text.HAL_PCD_ISOOUTIncompleteCallback
                0x000000000800c8e4       0x24 USB_DEVICE/Target/usbd_conf.o
                0x000000000800c8e4                HAL_PCD_ISOOUTIncompleteCallback
 .text.HAL_PCD_ISOINIncompleteCallback
                0x000000000800c908       0x24 USB_DEVICE/Target/usbd_conf.o
                0x000000000800c908                HAL_PCD_ISOINIncompleteCallback
 .text.HAL_PCD_ConnectCallback
                0x000000000800c92c       0x1c USB_DEVICE/Target/usbd_conf.o
                0x000000000800c92c                HAL_PCD_ConnectCallback
 .text.HAL_PCD_DisconnectCallback
                0x000000000800c948       0x1c USB_DEVICE/Target/usbd_conf.o
                0x000000000800c948                HAL_PCD_DisconnectCallback
 .text.USBD_LL_Init
                0x000000000800c964       0x98 USB_DEVICE/Target/usbd_conf.o
                0x000000000800c964                USBD_LL_Init
 .text.USBD_LL_Start
                0x000000000800c9fc       0x36 USB_DEVICE/Target/usbd_conf.o
                0x000000000800c9fc                USBD_LL_Start
 .text.USBD_LL_OpenEP
                0x000000000800ca32       0x4c USB_DEVICE/Target/usbd_conf.o
                0x000000000800ca32                USBD_LL_OpenEP
 .text.USBD_LL_CloseEP
                0x000000000800ca7e       0x3e USB_DEVICE/Target/usbd_conf.o
                0x000000000800ca7e                USBD_LL_CloseEP
 .text.USBD_LL_StallEP
                0x000000000800cabc       0x3e USB_DEVICE/Target/usbd_conf.o
                0x000000000800cabc                USBD_LL_StallEP
 .text.USBD_LL_ClearStallEP
                0x000000000800cafa       0x3e USB_DEVICE/Target/usbd_conf.o
                0x000000000800cafa                USBD_LL_ClearStallEP
 .text.USBD_LL_IsStallEP
                0x000000000800cb38       0x58 USB_DEVICE/Target/usbd_conf.o
                0x000000000800cb38                USBD_LL_IsStallEP
 .text.USBD_LL_SetUSBAddress
                0x000000000800cb90       0x3e USB_DEVICE/Target/usbd_conf.o
                0x000000000800cb90                USBD_LL_SetUSBAddress
 .text.USBD_LL_Transmit
                0x000000000800cbce       0x42 USB_DEVICE/Target/usbd_conf.o
                0x000000000800cbce                USBD_LL_Transmit
 .text.USBD_LL_PrepareReceive
                0x000000000800cc10       0x42 USB_DEVICE/Target/usbd_conf.o
                0x000000000800cc10                USBD_LL_PrepareReceive
 .text.USBD_LL_GetRxDataSize
                0x000000000800cc52       0x26 USB_DEVICE/Target/usbd_conf.o
                0x000000000800cc52                USBD_LL_GetRxDataSize
 .text.USBD_Get_USB_Status
                0x000000000800cc78       0x58 USB_DEVICE/Target/usbd_conf.o
                0x000000000800cc78                USBD_Get_USB_Status
 .text.D16_GENERIC
                0x000000000800ccd0      0x120 ../Middlewares/ST/STM32_Audio/Addons/PDM/Lib\libPDMFilter_CM4_GCC_wc32.a(pdm_filter.o)
 .text.D24_GENERIC
                0x000000000800cdf0      0x190 ../Middlewares/ST/STM32_Audio/Addons/PDM/Lib\libPDMFilter_CM4_GCC_wc32.a(pdm_filter.o)
 .text.D32_GENERIC
                0x000000000800cf80      0x198 ../Middlewares/ST/STM32_Audio/Addons/PDM/Lib\libPDMFilter_CM4_GCC_wc32.a(pdm_filter.o)
 .text.D48_GENERIC
                0x000000000800d118      0x1ec ../Middlewares/ST/STM32_Audio/Addons/PDM/Lib\libPDMFilter_CM4_GCC_wc32.a(pdm_filter.o)
 .text.D64_GENERIC
                0x000000000800d304      0x220 ../Middlewares/ST/STM32_Audio/Addons/PDM/Lib\libPDMFilter_CM4_GCC_wc32.a(pdm_filter.o)
 .text.D80_GENERIC
                0x000000000800d524      0x2a0 ../Middlewares/ST/STM32_Audio/Addons/PDM/Lib\libPDMFilter_CM4_GCC_wc32.a(pdm_filter.o)
 .text.D128_GENERIC
                0x000000000800d7c4      0x3f0 ../Middlewares/ST/STM32_Audio/Addons/PDM/Lib\libPDMFilter_CM4_GCC_wc32.a(pdm_filter.o)
 .text.D16_1CH_HTONS_VOL_HP
                0x000000000800dbb4       0xe4 ../Middlewares/ST/STM32_Audio/Addons/PDM/Lib\libPDMFilter_CM4_GCC_wc32.a(pdm_filter.o)
 .text.D24_1CH_HTONS_VOL_HP
                0x000000000800dc98      0x138 ../Middlewares/ST/STM32_Audio/Addons/PDM/Lib\libPDMFilter_CM4_GCC_wc32.a(pdm_filter.o)
 .text.D32_1CH_HTONS_VOL_HP
                0x000000000800ddd0      0x144 ../Middlewares/ST/STM32_Audio/Addons/PDM/Lib\libPDMFilter_CM4_GCC_wc32.a(pdm_filter.o)
 .text.D48_1CH_HTONS_VOL_HP
                0x000000000800df14      0x16c ../Middlewares/ST/STM32_Audio/Addons/PDM/Lib\libPDMFilter_CM4_GCC_wc32.a(pdm_filter.o)
 .text.D64_1CH_HTONS_VOL_HP
                0x000000000800e080      0x1b8 ../Middlewares/ST/STM32_Audio/Addons/PDM/Lib\libPDMFilter_CM4_GCC_wc32.a(pdm_filter.o)
 .text.D80_1CH_HTONS_VOL_HP
                0x000000000800e238      0x214 ../Middlewares/ST/STM32_Audio/Addons/PDM/Lib\libPDMFilter_CM4_GCC_wc32.a(pdm_filter.o)
 .text.D128_1CH_HTONS_VOL_HP
                0x000000000800e44c      0x324 ../Middlewares/ST/STM32_Audio/Addons/PDM/Lib\libPDMFilter_CM4_GCC_wc32.a(pdm_filter.o)
 .text.PDM_Filter_Init
                0x000000000800e770      0x114 ../Middlewares/ST/STM32_Audio/Addons/PDM/Lib\libPDMFilter_CM4_GCC_wc32.a(pdm_filter.o)
                0x000000000800e770                PDM_Filter_Init
 .text.PDM_Filter_setConfig
                0x000000000800e884      0x1e4 ../Middlewares/ST/STM32_Audio/Addons/PDM/Lib\libPDMFilter_CM4_GCC_wc32.a(pdm_filter.o)
                0x000000000800e884                PDM_Filter_setConfig
 .text.PDM_Filter
                0x000000000800ea68       0x38 ../Middlewares/ST/STM32_Audio/Addons/PDM/Lib\libPDMFilter_CM4_GCC_wc32.a(pdm_filter.o)
                0x000000000800ea68                PDM_Filter
 .text.CRC_Lock
                0x000000000800eaa0       0x7c ../Middlewares/ST/STM32_Audio/Addons/PDM/Lib\libPDMFilter_CM4_GCC_wc32.a(stm32_crc_lock.o)
                0x000000000800eaa0                CRC_Lock
 .text.__errno  0x000000000800eb1c        0xc c:/st/stm32cubeide_1.5.0/stm32cubeide/plugins/com.st.stm32cube.ide.mcu.externaltools.gnu-tools-for-stm32.7-2018-q2-update.win32_1.5.0.202011040924/tools/bin/../lib/gcc/arm-none-eabi/7.3.1/../../../../arm-none-eabi/lib/thumb/v7e-m/fpv4-sp/hard\libc_nano.a(lib_a-errno.o)
                0x000000000800eb1c                __errno
 .text.__libc_init_array
                0x000000000800eb28       0x48 c:/st/stm32cubeide_1.5.0/stm32cubeide/plugins/com.st.stm32cube.ide.mcu.externaltools.gnu-tools-for-stm32.7-2018-q2-update.win32_1.5.0.202011040924/tools/bin/../lib/gcc/arm-none-eabi/7.3.1/../../../../arm-none-eabi/lib/thumb/v7e-m/fpv4-sp/hard\libc_nano.a(lib_a-init.o)
                0x000000000800eb28                __libc_init_array
 .text.malloc   0x000000000800eb70       0x10 c:/st/stm32cubeide_1.5.0/stm32cubeide/plugins/com.st.stm32cube.ide.mcu.externaltools.gnu-tools-for-stm32.7-2018-q2-update.win32_1.5.0.202011040924/tools/bin/../lib/gcc/arm-none-eabi/7.3.1/../../../../arm-none-eabi/lib/thumb/v7e-m/fpv4-sp/hard\libc_nano.a(lib_a-malloc.o)
                0x000000000800eb70                malloc
 .text.free     0x000000000800eb80       0x10 c:/st/stm32cubeide_1.5.0/stm32cubeide/plugins/com.st.stm32cube.ide.mcu.externaltools.gnu-tools-for-stm32.7-2018-q2-update.win32_1.5.0.202011040924/tools/bin/../lib/gcc/arm-none-eabi/7.3.1/../../../../arm-none-eabi/lib/thumb/v7e-m/fpv4-sp/hard\libc_nano.a(lib_a-malloc.o)
                0x000000000800eb80                free
 .text.memcpy   0x000000000800eb90       0x16 c:/st/stm32cubeide_1.5.0/stm32cubeide/plugins/com.st.stm32cube.ide.mcu.externaltools.gnu-tools-for-stm32.7-2018-q2-update.win32_1.5.0.202011040924/tools/bin/../lib/gcc/arm-none-eabi/7.3.1/../../../../arm-none-eabi/lib/thumb/v7e-m/fpv4-sp/hard\libc_nano.a(lib_a-memcpy-stub.o)
                0x000000000800eb90                memcpy
 .text.memset   0x000000000800eba6       0x10 c:/st/stm32cubeide_1.5.0/stm32cubeide/plugins/com.st.stm32cube.ide.mcu.externaltools.gnu-tools-for-stm32.7-2018-q2-update.win32_1.5.0.202011040924/tools/bin/../lib/gcc/arm-none-eabi/7.3.1/../../../../arm-none-eabi/lib/thumb/v7e-m/fpv4-sp/hard\libc_nano.a(lib_a-memset.o)
                0x000000000800eba6                memset
 *fill*         0x000000000800ebb6        0x2 
 .text._free_r  0x000000000800ebb8       0x9c c:/st/stm32cubeide_1.5.0/stm32cubeide/plugins/com.st.stm32cube.ide.mcu.externaltools.gnu-tools-for-stm32.7-2018-q2-update.win32_1.5.0.202011040924/tools/bin/../lib/gcc/arm-none-eabi/7.3.1/../../../../arm-none-eabi/lib/thumb/v7e-m/fpv4-sp/hard\libc_nano.a(lib_a-nano-freer.o)
                0x000000000800ebb8                _free_r
 .text._malloc_r
                0x000000000800ec54       0xb4 c:/st/stm32cubeide_1.5.0/stm32cubeide/plugins/com.st.stm32cube.ide.mcu.externaltools.gnu-tools-for-stm32.7-2018-q2-update.win32_1.5.0.202011040924/tools/bin/../lib/gcc/arm-none-eabi/7.3.1/../../../../arm-none-eabi/lib/thumb/v7e-m/fpv4-sp/hard\libc_nano.a(lib_a-nano-mallocr.o)
                0x000000000800ec54                _malloc_r
 .text._sbrk_r  0x000000000800ed08       0x20 c:/st/stm32cubeide_1.5.0/stm32cubeide/plugins/com.st.stm32cube.ide.mcu.externaltools.gnu-tools-for-stm32.7-2018-q2-update.win32_1.5.0.202011040924/tools/bin/../lib/gcc/arm-none-eabi/7.3.1/../../../../arm-none-eabi/lib/thumb/v7e-m/fpv4-sp/hard\libc_nano.a(lib_a-sbrkr.o)
                0x000000000800ed08                _sbrk_r
 .text.__malloc_lock
                0x000000000800ed28        0x2 c:/st/stm32cubeide_1.5.0/stm32cubeide/plugins/com.st.stm32cube.ide.mcu.externaltools.gnu-tools-for-stm32.7-2018-q2-update.win32_1.5.0.202011040924/tools/bin/../lib/gcc/arm-none-eabi/7.3.1/../../../../arm-none-eabi/lib/thumb/v7e-m/fpv4-sp/hard\libc_nano.a(lib_a-mlock.o)
                0x000000000800ed28                __malloc_lock
 .text.__malloc_unlock
                0x000000000800ed2a        0x2 c:/st/stm32cubeide_1.5.0/stm32cubeide/plugins/com.st.stm32cube.ide.mcu.externaltools.gnu-tools-for-stm32.7-2018-q2-update.win32_1.5.0.202011040924/tools/bin/../lib/gcc/arm-none-eabi/7.3.1/../../../../arm-none-eabi/lib/thumb/v7e-m/fpv4-sp/hard\libc_nano.a(lib_a-mlock.o)
                0x000000000800ed2a                __malloc_unlock
 .text.roundf   0x000000000800ed2c       0x4c c:/st/stm32cubeide_1.5.0/stm32cubeide/plugins/com.st.stm32cube.ide.mcu.externaltools.gnu-tools-for-stm32.7-2018-q2-update.win32_1.5.0.202011040924/tools/bin/../lib/gcc/arm-none-eabi/7.3.1/../../../../arm-none-eabi/lib/thumb/v7e-m/fpv4-sp/hard\libm.a(lib_a-sf_round.o)
                0x000000000800ed2c                roundf
 .text.sqrt     0x000000000800ed78       0xb4 c:/st/stm32cubeide_1.5.0/stm32cubeide/plugins/com.st.stm32cube.ide.mcu.externaltools.gnu-tools-for-stm32.7-2018-q2-update.win32_1.5.0.202011040924/tools/bin/../lib/gcc/arm-none-eabi/7.3.1/../../../../arm-none-eabi/lib/thumb/v7e-m/fpv4-sp/hard\libm.a(lib_a-w_sqrt.o)
                0x000000000800ed78                sqrt
 .text.powf     0x000000000800ee2c      0x2c8 c:/st/stm32cubeide_1.5.0/stm32cubeide/plugins/com.st.stm32cube.ide.mcu.externaltools.gnu-tools-for-stm32.7-2018-q2-update.win32_1.5.0.202011040924/tools/bin/../lib/gcc/arm-none-eabi/7.3.1/../../../../arm-none-eabi/lib/thumb/v7e-m/fpv4-sp/hard\libm.a(lib_a-wf_pow.o)
                0x000000000800ee2c                powf
 .text.__ieee754_sqrt
                0x000000000800f0f4      0x160 c:/st/stm32cubeide_1.5.0/stm32cubeide/plugins/com.st.stm32cube.ide.mcu.externaltools.gnu-tools-for-stm32.7-2018-q2-update.win32_1.5.0.202011040924/tools/bin/../lib/gcc/arm-none-eabi/7.3.1/../../../../arm-none-eabi/lib/thumb/v7e-m/fpv4-sp/hard\libm.a(lib_a-e_sqrt.o)
                0x000000000800f0f4                __ieee754_sqrt
 .text.__ieee754_powf
                0x000000000800f254      0x580 c:/st/stm32cubeide_1.5.0/stm32cubeide/plugins/com.st.stm32cube.ide.mcu.externaltools.gnu-tools-for-stm32.7-2018-q2-update.win32_1.5.0.202011040924/tools/bin/../lib/gcc/arm-none-eabi/7.3.1/../../../../arm-none-eabi/lib/thumb/v7e-m/fpv4-sp/hard\libm.a(lib_a-ef_pow.o)
                0x000000000800f254                __ieee754_powf
 .text.__ieee754_sqrtf
                0x000000000800f7d4        0x6 c:/st/stm32cubeide_1.5.0/stm32cubeide/plugins/com.st.stm32cube.ide.mcu.externaltools.gnu-tools-for-stm32.7-2018-q2-update.win32_1.5.0.202011040924/tools/bin/../lib/gcc/arm-none-eabi/7.3.1/../../../../arm-none-eabi/lib/thumb/v7e-m/fpv4-sp/hard\libm.a(lib_a-ef_sqrt.o)
                0x000000000800f7d4                __ieee754_sqrtf
 .text.matherr  0x000000000800f7da        0x4 c:/st/stm32cubeide_1.5.0/stm32cubeide/plugins/com.st.stm32cube.ide.mcu.externaltools.gnu-tools-for-stm32.7-2018-q2-update.win32_1.5.0.202011040924/tools/bin/../lib/gcc/arm-none-eabi/7.3.1/../../../../arm-none-eabi/lib/thumb/v7e-m/fpv4-sp/hard\libm.a(lib_a-s_matherr.o)
                0x000000000800f7da                matherr
 .text.fabsf    0x000000000800f7de        0xe c:/st/stm32cubeide_1.5.0/stm32cubeide/plugins/com.st.stm32cube.ide.mcu.externaltools.gnu-tools-for-stm32.7-2018-q2-update.win32_1.5.0.202011040924/tools/bin/../lib/gcc/arm-none-eabi/7.3.1/../../../../arm-none-eabi/lib/thumb/v7e-m/fpv4-sp/hard\libm.a(lib_a-sf_fabs.o)
                0x000000000800f7de                fabsf
 .text.finitef  0x000000000800f7ec       0x14 c:/st/stm32cubeide_1.5.0/stm32cubeide/plugins/com.st.stm32cube.ide.mcu.externaltools.gnu-tools-for-stm32.7-2018-q2-update.win32_1.5.0.202011040924/tools/bin/../lib/gcc/arm-none-eabi/7.3.1/../../../../arm-none-eabi/lib/thumb/v7e-m/fpv4-sp/hard\libm.a(lib_a-sf_finite.o)
                0x000000000800f7ec                finitef
 .text.nanf     0x000000000800f800        0xc c:/st/stm32cubeide_1.5.0/stm32cubeide/plugins/com.st.stm32cube.ide.mcu.externaltools.gnu-tools-for-stm32.7-2018-q2-update.win32_1.5.0.202011040924/tools/bin/../lib/gcc/arm-none-eabi/7.3.1/../../../../arm-none-eabi/lib/thumb/v7e-m/fpv4-sp/hard\libm.a(lib_a-sf_nan.o)
                0x000000000800f800                nanf
 .text.rintf    0x000000000800f80c       0xb4 c:/st/stm32cubeide_1.5.0/stm32cubeide/plugins/com.st.stm32cube.ide.mcu.externaltools.gnu-tools-for-stm32.7-2018-q2-update.win32_1.5.0.202011040924/tools/bin/../lib/gcc/arm-none-eabi/7.3.1/../../../../arm-none-eabi/lib/thumb/v7e-m/fpv4-sp/hard\libm.a(lib_a-sf_rint.o)
                0x000000000800f80c                rintf
 .text.scalbnf  0x000000000800f8c0       0xc0 c:/st/stm32cubeide_1.5.0/stm32cubeide/plugins/com.st.stm32cube.ide.mcu.externaltools.gnu-tools-for-stm32.7-2018-q2-update.win32_1.5.0.202011040924/tools/bin/../lib/gcc/arm-none-eabi/7.3.1/../../../../arm-none-eabi/lib/thumb/v7e-m/fpv4-sp/hard\libm.a(lib_a-sf_scalbn.o)
                0x000000000800f8c0                scalbnf
 .text.copysignf
                0x000000000800f980       0x18 c:/st/stm32cubeide_1.5.0/stm32cubeide/plugins/com.st.stm32cube.ide.mcu.externaltools.gnu-tools-for-stm32.7-2018-q2-update.win32_1.5.0.202011040924/tools/bin/../lib/gcc/arm-none-eabi/7.3.1/../../../../arm-none-eabi/lib/thumb/v7e-m/fpv4-sp/hard\libm.a(lib_a-sf_copysign.o)
                0x000000000800f980                copysignf
 *(.glue_7)
 .glue_7        0x000000000800f998        0x0 linker stubs
 *(.glue_7t)
 .glue_7t       0x000000000800f998        0x0 linker stubs
 *(.eh_frame)
 .eh_frame      0x000000000800f998        0x0 c:/st/stm32cubeide_1.5.0/stm32cubeide/plugins/com.st.stm32cube.ide.mcu.externaltools.gnu-tools-for-stm32.7-2018-q2-update.win32_1.5.0.202011040924/tools/bin/../lib/gcc/arm-none-eabi/7.3.1/thumb/v7e-m/fpv4-sp/hard/crtbegin.o
 *(.init)
 .init          0x000000000800f998        0x4 c:/st/stm32cubeide_1.5.0/stm32cubeide/plugins/com.st.stm32cube.ide.mcu.externaltools.gnu-tools-for-stm32.7-2018-q2-update.win32_1.5.0.202011040924/tools/bin/../lib/gcc/arm-none-eabi/7.3.1/thumb/v7e-m/fpv4-sp/hard/crti.o
                0x000000000800f998                _init
 .init          0x000000000800f99c        0x8 c:/st/stm32cubeide_1.5.0/stm32cubeide/plugins/com.st.stm32cube.ide.mcu.externaltools.gnu-tools-for-stm32.7-2018-q2-update.win32_1.5.0.202011040924/tools/bin/../lib/gcc/arm-none-eabi/7.3.1/thumb/v7e-m/fpv4-sp/hard/crtn.o
 *(.fini)
 .fini          0x000000000800f9a4        0x4 c:/st/stm32cubeide_1.5.0/stm32cubeide/plugins/com.st.stm32cube.ide.mcu.externaltools.gnu-tools-for-stm32.7-2018-q2-update.win32_1.5.0.202011040924/tools/bin/../lib/gcc/arm-none-eabi/7.3.1/thumb/v7e-m/fpv4-sp/hard/crti.o
                0x000000000800f9a4                _fini
 .fini          0x000000000800f9a8        0x8 c:/st/stm32cubeide_1.5.0/stm32cubeide/plugins/com.st.stm32cube.ide.mcu.externaltools.gnu-tools-for-stm32.7-2018-q2-update.win32_1.5.0.202011040924/tools/bin/../lib/gcc/arm-none-eabi/7.3.1/thumb/v7e-m/fpv4-sp/hard/crtn.o
                0x000000000800f9b0                . = ALIGN (0x4)
                0x000000000800f9b0                _etext = .

.vfp11_veneer   0x000000000800f9b0        0x0
 .vfp11_veneer  0x000000000800f9b0        0x0 linker stubs

.v4_bx          0x000000000800f9b0        0x0
 .v4_bx         0x000000000800f9b0        0x0 linker stubs

.iplt           0x000000000800f9b0        0x0
 .iplt          0x000000000800f9b0        0x0 c:/st/stm32cubeide_1.5.0/stm32cubeide/plugins/com.st.stm32cube.ide.mcu.externaltools.gnu-tools-for-stm32.7-2018-q2-update.win32_1.5.0.202011040924/tools/bin/../lib/gcc/arm-none-eabi/7.3.1/thumb/v7e-m/fpv4-sp/hard/crtbegin.o

.rodata         0x000000000800f9b0      0x404
                0x000000000800f9b0                . = ALIGN (0x4)
 *(.rodata)
 .rodata        0x000000000800f9b0       0x18 Core/Src/main.o
 .rodata        0x000000000800f9c8       0x3b Drivers/STM32F4xx_HAL_Driver/Src/stm32f4xx_hal_cortex.o
 *fill*         0x000000000800fa03        0x1 
 .rodata        0x000000000800fa04       0x38 Drivers/STM32F4xx_HAL_Driver/Src/stm32f4xx_hal_crc.o
 .rodata        0x000000000800fa3c       0x38 Drivers/STM32F4xx_HAL_Driver/Src/stm32f4xx_hal_dma.o
 .rodata        0x000000000800fa74       0x39 Drivers/STM32F4xx_HAL_Driver/Src/stm32f4xx_hal_gpio.o
 *fill*         0x000000000800faad        0x3 
 .rodata        0x000000000800fab0       0x38 Drivers/STM32F4xx_HAL_Driver/Src/stm32f4xx_hal_i2c.o
 .rodata        0x000000000800fae8       0x38 Drivers/STM32F4xx_HAL_Driver/Src/stm32f4xx_hal_i2s.o
 .rodata        0x000000000800fb20       0x38 Drivers/STM32F4xx_HAL_Driver/Src/stm32f4xx_hal_pcd.o
 .rodata        0x000000000800fb58       0x38 Drivers/STM32F4xx_HAL_Driver/Src/stm32f4xx_hal_rcc.o
 .rodata        0x000000000800fb90       0x3b Drivers/STM32F4xx_HAL_Driver/Src/stm32f4xx_hal_rcc_ex.o
 *fill*         0x000000000800fbcb        0x1 
 .rodata        0x000000000800fbcc       0x38 Drivers/STM32F4xx_HAL_Driver/Src/stm32f4xx_hal_spi.o
 .rodata        0x000000000800fc04       0x38 Drivers/STM32F4xx_HAL_Driver/Src/stm32f4xx_hal_tim.o
 .rodata        0x000000000800fc3c       0x3b Drivers/STM32F4xx_HAL_Driver/Src/stm32f4xx_hal_tim_ex.o
 *fill*         0x000000000800fc77        0x1 
 .rodata        0x000000000800fc78       0x46 USB_DEVICE/App/usbd_desc.o
 *fill*         0x000000000800fcbe        0x2 
 .rodata        0x000000000800fcc0       0x38 ../Middlewares/ST/STM32_Audio/Addons/PDM/Lib\libPDMFilter_CM4_GCC_wc32.a(pdm_filter.o)
 *(.rodata*)
 .rodata.Rcoef.6942
                0x000000000800fcf8       0x38 Core/Src/kiss_fft.o
 .rodata.Icoef.6943
                0x000000000800fd30       0x38 Core/Src/kiss_fft.o
 .rodata.AHBPrescTable
                0x000000000800fd68       0x10 Core/Src/system_stm32f4xx.o
                0x000000000800fd68                AHBPrescTable
 .rodata.APBPrescTable
                0x000000000800fd78        0x8 Core/Src/system_stm32f4xx.o
                0x000000000800fd78                APBPrescTable
 .rodata.flagBitshiftOffset.8707
                0x000000000800fd80        0x8 Drivers/STM32F4xx_HAL_Driver/Src/stm32f4xx_hal_dma.o
 .rodata.sqrt.str1.1
                0x000000000800fd88        0x5 c:/st/stm32cubeide_1.5.0/stm32cubeide/plugins/com.st.stm32cube.ide.mcu.externaltools.gnu-tools-for-stm32.7-2018-q2-update.win32_1.5.0.202011040924/tools/bin/../lib/gcc/arm-none-eabi/7.3.1/../../../../arm-none-eabi/lib/thumb/v7e-m/fpv4-sp/hard\libm.a(lib_a-w_sqrt.o)
 .rodata.powf.str1.1
                0x000000000800fd8d        0x5 c:/st/stm32cubeide_1.5.0/stm32cubeide/plugins/com.st.stm32cube.ide.mcu.externaltools.gnu-tools-for-stm32.7-2018-q2-update.win32_1.5.0.202011040924/tools/bin/../lib/gcc/arm-none-eabi/7.3.1/../../../../arm-none-eabi/lib/thumb/v7e-m/fpv4-sp/hard\libm.a(lib_a-wf_pow.o)
 .rodata.__ieee754_powf.str1.1
                0x000000000800fd92        0x5 c:/st/stm32cubeide_1.5.0/stm32cubeide/plugins/com.st.stm32cube.ide.mcu.externaltools.gnu-tools-for-stm32.7-2018-q2-update.win32_1.5.0.202011040924/tools/bin/../lib/gcc/arm-none-eabi/7.3.1/../../../../arm-none-eabi/lib/thumb/v7e-m/fpv4-sp/hard\libm.a(lib_a-ef_pow.o)
                                          0x1 (size before relaxing)
 *fill*         0x000000000800fd92        0x2 
 .rodata.bp     0x000000000800fd94        0x8 c:/st/stm32cubeide_1.5.0/stm32cubeide/plugins/com.st.stm32cube.ide.mcu.externaltools.gnu-tools-for-stm32.7-2018-q2-update.win32_1.5.0.202011040924/tools/bin/../lib/gcc/arm-none-eabi/7.3.1/../../../../arm-none-eabi/lib/thumb/v7e-m/fpv4-sp/hard\libm.a(lib_a-ef_pow.o)
 .rodata.dp_h   0x000000000800fd9c        0x8 c:/st/stm32cubeide_1.5.0/stm32cubeide/plugins/com.st.stm32cube.ide.mcu.externaltools.gnu-tools-for-stm32.7-2018-q2-update.win32_1.5.0.202011040924/tools/bin/../lib/gcc/arm-none-eabi/7.3.1/../../../../arm-none-eabi/lib/thumb/v7e-m/fpv4-sp/hard\libm.a(lib_a-ef_pow.o)
 .rodata.dp_l   0x000000000800fda4        0x8 c:/st/stm32cubeide_1.5.0/stm32cubeide/plugins/com.st.stm32cube.ide.mcu.externaltools.gnu-tools-for-stm32.7-2018-q2-update.win32_1.5.0.202011040924/tools/bin/../lib/gcc/arm-none-eabi/7.3.1/../../../../arm-none-eabi/lib/thumb/v7e-m/fpv4-sp/hard\libm.a(lib_a-ef_pow.o)
 .rodata.TWO23  0x000000000800fdac        0x8 c:/st/stm32cubeide_1.5.0/stm32cubeide/plugins/com.st.stm32cube.ide.mcu.externaltools.gnu-tools-for-stm32.7-2018-q2-update.win32_1.5.0.202011040924/tools/bin/../lib/gcc/arm-none-eabi/7.3.1/../../../../arm-none-eabi/lib/thumb/v7e-m/fpv4-sp/hard\libm.a(lib_a-sf_rint.o)
                0x000000000800fdb4                . = ALIGN (0x4)

.ARM.extab      0x000000000800fdb4        0x0
                0x000000000800fdb4                . = ALIGN (0x4)
 *(.ARM.extab* .gnu.linkonce.armextab.*)
                0x000000000800fdb4                . = ALIGN (0x4)

.ARM            0x000000000800fdb4        0x8
                0x000000000800fdb4                . = ALIGN (0x4)
                0x000000000800fdb4                __exidx_start = .
 *(.ARM.exidx*)
 .ARM.exidx     0x000000000800fdb4        0x8 c:/st/stm32cubeide_1.5.0/stm32cubeide/plugins/com.st.stm32cube.ide.mcu.externaltools.gnu-tools-for-stm32.7-2018-q2-update.win32_1.5.0.202011040924/tools/bin/../lib/gcc/arm-none-eabi/7.3.1/thumb/v7e-m/fpv4-sp/hard\libgcc.a(_udivmoddi4.o)
                0x000000000800fdbc                __exidx_end = .
                0x000000000800fdbc                . = ALIGN (0x4)

.rel.dyn        0x000000000800fdbc        0x0
 .rel.iplt      0x000000000800fdbc        0x0 c:/st/stm32cubeide_1.5.0/stm32cubeide/plugins/com.st.stm32cube.ide.mcu.externaltools.gnu-tools-for-stm32.7-2018-q2-update.win32_1.5.0.202011040924/tools/bin/../lib/gcc/arm-none-eabi/7.3.1/thumb/v7e-m/fpv4-sp/hard/crtbegin.o

.preinit_array  0x000000000800fdbc        0x0
                0x000000000800fdbc                . = ALIGN (0x4)
                0x000000000800fdbc                PROVIDE (__preinit_array_start = .)
 *(.preinit_array*)
                0x000000000800fdbc                PROVIDE (__preinit_array_end = .)
                0x000000000800fdbc                . = ALIGN (0x4)

.init_array     0x000000000800fdbc        0x4
                0x000000000800fdbc                . = ALIGN (0x4)
                0x000000000800fdbc                PROVIDE (__init_array_start = .)
 *(SORT_BY_NAME(.init_array.*))
 *(.init_array*)
 .init_array    0x000000000800fdbc        0x4 c:/st/stm32cubeide_1.5.0/stm32cubeide/plugins/com.st.stm32cube.ide.mcu.externaltools.gnu-tools-for-stm32.7-2018-q2-update.win32_1.5.0.202011040924/tools/bin/../lib/gcc/arm-none-eabi/7.3.1/thumb/v7e-m/fpv4-sp/hard/crtbegin.o
                0x000000000800fdc0                PROVIDE (__init_array_end = .)
                0x000000000800fdc0                . = ALIGN (0x4)

.fini_array     0x000000000800fdc0        0x4
                0x000000000800fdc0                . = ALIGN (0x4)
                [!provide]                        PROVIDE (__fini_array_start = .)
 *(SORT_BY_NAME(.fini_array.*))
 *(.fini_array*)
 .fini_array    0x000000000800fdc0        0x4 c:/st/stm32cubeide_1.5.0/stm32cubeide/plugins/com.st.stm32cube.ide.mcu.externaltools.gnu-tools-for-stm32.7-2018-q2-update.win32_1.5.0.202011040924/tools/bin/../lib/gcc/arm-none-eabi/7.3.1/thumb/v7e-m/fpv4-sp/hard/crtbegin.o
                [!provide]                        PROVIDE (__fini_array_end = .)
                0x000000000800fdc4                . = ALIGN (0x4)
                0x000000000800fdc4                _sidata = LOADADDR (.data)

.data           0x0000000020000000      0x5e8 load address 0x000000000800fdc4
                0x0000000020000000                . = ALIGN (0x4)
                0x0000000020000000                _sdata = .
 *(.data)
 .data          0x0000000020000000      0x400 ../Middlewares/ST/STM32_Audio/Addons/PDM/Lib\libPDMFilter_CM4_GCC_wc32.a(pdm_filter.o)
 *(.data*)
 .data.SystemCoreClock
                0x0000000020000400        0x4 Core/Src/system_stm32f4xx.o
                0x0000000020000400                SystemCoreClock
 .data.uwTickPrio
                0x0000000020000404        0x4 Drivers/STM32F4xx_HAL_Driver/Src/stm32f4xx_hal.o
                0x0000000020000404                uwTickPrio
 .data.uwTickFreq
                0x0000000020000408        0x1 Drivers/STM32F4xx_HAL_Driver/Src/stm32f4xx_hal.o
                0x0000000020000408                uwTickFreq
 *fill*         0x0000000020000409        0x3 
 .data.USBD_CDC_DeviceQualifierDesc
                0x000000002000040c        0xa Middlewares/ST/STM32_USB_Device_Library/Class/CDC/Src/usbd_cdc.o
 *fill*         0x0000000020000416        0x2 
 .data.USBD_CDC
                0x0000000020000418       0x38 Middlewares/ST/STM32_USB_Device_Library/Class/CDC/Src/usbd_cdc.o
                0x0000000020000418                USBD_CDC
 .data.USBD_CDC_CfgHSDesc
                0x0000000020000450       0x43 Middlewares/ST/STM32_USB_Device_Library/Class/CDC/Src/usbd_cdc.o
 *fill*         0x0000000020000493        0x1 
 .data.USBD_CDC_CfgFSDesc
                0x0000000020000494       0x43 Middlewares/ST/STM32_USB_Device_Library/Class/CDC/Src/usbd_cdc.o
 *fill*         0x00000000200004d7        0x1 
 .data.USBD_CDC_OtherSpeedCfgDesc
                0x00000000200004d8       0x43 Middlewares/ST/STM32_USB_Device_Library/Class/CDC/Src/usbd_cdc.o
 *fill*         0x000000002000051b        0x1 
 .data.USBD_Interface_fops_FS
                0x000000002000051c       0x14 USB_DEVICE/App/usbd_cdc_if.o
                0x000000002000051c                USBD_Interface_fops_FS
 .data.FS_Desc  0x0000000020000530       0x1c USB_DEVICE/App/usbd_desc.o
                0x0000000020000530                FS_Desc
 .data.USBD_FS_DeviceDesc
                0x000000002000054c       0x12 USB_DEVICE/App/usbd_desc.o
                0x000000002000054c                USBD_FS_DeviceDesc
 *fill*         0x000000002000055e        0x2 
 .data.USBD_LangIDDesc
                0x0000000020000560        0x4 USB_DEVICE/App/usbd_desc.o
                0x0000000020000560                USBD_LangIDDesc
 .data.USBD_StringSerial
                0x0000000020000564       0x1a USB_DEVICE/App/usbd_desc.o
                0x0000000020000564                USBD_StringSerial
 *fill*         0x000000002000057e        0x2 
 .data._impure_ptr
                0x0000000020000580        0x4 c:/st/stm32cubeide_1.5.0/stm32cubeide/plugins/com.st.stm32cube.ide.mcu.externaltools.gnu-tools-for-stm32.7-2018-q2-update.win32_1.5.0.202011040924/tools/bin/../lib/gcc/arm-none-eabi/7.3.1/../../../../arm-none-eabi/lib/thumb/v7e-m/fpv4-sp/hard\libc_nano.a(lib_a-impure.o)
                0x0000000020000580                _impure_ptr
 .data.impure_data
                0x0000000020000584       0x60 c:/st/stm32cubeide_1.5.0/stm32cubeide/plugins/com.st.stm32cube.ide.mcu.externaltools.gnu-tools-for-stm32.7-2018-q2-update.win32_1.5.0.202011040924/tools/bin/../lib/gcc/arm-none-eabi/7.3.1/../../../../arm-none-eabi/lib/thumb/v7e-m/fpv4-sp/hard\libc_nano.a(lib_a-impure.o)
 .data.__fdlib_version
                0x00000000200005e4        0x1 c:/st/stm32cubeide_1.5.0/stm32cubeide/plugins/com.st.stm32cube.ide.mcu.externaltools.gnu-tools-for-stm32.7-2018-q2-update.win32_1.5.0.202011040924/tools/bin/../lib/gcc/arm-none-eabi/7.3.1/../../../../arm-none-eabi/lib/thumb/v7e-m/fpv4-sp/hard\libm.a(lib_a-s_lib_ver.o)
                0x00000000200005e4                __fdlib_version
 *(.RamFunc)
 *(.RamFunc*)
                0x00000000200005e8                . = ALIGN (0x4)
 *fill*         0x00000000200005e5        0x3 
                0x00000000200005e8                _edata = .

.igot.plt       0x00000000200005e8        0x0 load address 0x00000000080103ac
 .igot.plt      0x00000000200005e8        0x0 c:/st/stm32cubeide_1.5.0/stm32cubeide/plugins/com.st.stm32cube.ide.mcu.externaltools.gnu-tools-for-stm32.7-2018-q2-update.win32_1.5.0.202011040924/tools/bin/../lib/gcc/arm-none-eabi/7.3.1/thumb/v7e-m/fpv4-sp/hard/crtbegin.o
                0x00000000200005e8                . = ALIGN (0x4)

.bss            0x00000000200005e8     0x46c4 load address 0x00000000080103ac
                0x00000000200005e8                _sbss = .
                0x00000000200005e8                __bss_start__ = _sbss
 *(.bss)
 .bss           0x00000000200005e8       0x1c c:/st/stm32cubeide_1.5.0/stm32cubeide/plugins/com.st.stm32cube.ide.mcu.externaltools.gnu-tools-for-stm32.7-2018-q2-update.win32_1.5.0.202011040924/tools/bin/../lib/gcc/arm-none-eabi/7.3.1/thumb/v7e-m/fpv4-sp/hard/crtbegin.o
 .bss           0x0000000020000604        0x1 ../Middlewares/ST/STM32_Audio/Addons/PDM/Lib\libPDMFilter_CM4_GCC_wc32.a(pdm_filter.o)
 *(.bss*)
 *fill*         0x0000000020000605        0x3 
 .bss.iData     0x0000000020000608        0x2 Core/Src/cs43l22.o
 *fill*         0x000000002000060a        0x2 
 .bss.i2cx      0x000000002000060c       0x54 Core/Src/cs43l22.o
 .bss.txstate   0x0000000020000660        0x1 Core/Src/main.o
                0x0000000020000660                txstate
 .bss.rxstate   0x0000000020000661        0x1 Core/Src/main.o
                0x0000000020000661                rxstate
 *fill*         0x0000000020000662        0x2 
 .bss.__sbrk_heap_end
                0x0000000020000664        0x4 Core/Src/sysmem.o
 .bss.cfgidx.10602
                0x0000000020000668        0x1 Middlewares/ST/STM32_USB_Device_Library/Core/Src/usbd_ctlreq.o
 *fill*         0x0000000020000669        0x3 
 .bss.__malloc_free_list
                0x000000002000066c        0x4 c:/st/stm32cubeide_1.5.0/stm32cubeide/plugins/com.st.stm32cube.ide.mcu.externaltools.gnu-tools-for-stm32.7-2018-q2-update.win32_1.5.0.202011040924/tools/bin/../lib/gcc/arm-none-eabi/7.3.1/../../../../arm-none-eabi/lib/thumb/v7e-m/fpv4-sp/hard\libc_nano.a(lib_a-nano-mallocr.o)
                0x000000002000066c                __malloc_free_list
 .bss.__malloc_sbrk_start
                0x0000000020000670        0x4 c:/st/stm32cubeide_1.5.0/stm32cubeide/plugins/com.st.stm32cube.ide.mcu.externaltools.gnu-tools-for-stm32.7-2018-q2-update.win32_1.5.0.202011040924/tools/bin/../lib/gcc/arm-none-eabi/7.3.1/../../../../arm-none-eabi/lib/thumb/v7e-m/fpv4-sp/hard\libc_nano.a(lib_a-nano-mallocr.o)
                0x0000000020000670                __malloc_sbrk_start
 *(COMMON)
 COMMON         0x0000000020000674        0x8 Core/Src/crc.o
                0x0000000020000674                hcrc
 COMMON         0x000000002000067c       0x54 Core/Src/i2c.o
                0x000000002000067c                hi2c1
 COMMON         0x00000000200006d0       0xf0 Core/Src/i2s.o
                0x00000000200006d0                hdma_spi3_tx
                0x0000000020000730                hi2s2
                0x0000000020000778                hi2s3
 COMMON         0x00000000200007c0     0x2b20 Core/Src/main.o
                0x00000000200007c0                FFTBuffer
                0x0000000020000fc0                txBuf
                0x00000000200010c0                ReBuffer
                0x00000000200018c0                MidBuffer
                0x00000000200018e0                pdmRxBuf
                0x00000000200028e0                ImBuffer
                0x00000000200030e0                fifobuf
 COMMON         0x00000000200032e0       0x58 Core/Src/spi.o
                0x00000000200032e0                hspi1
 COMMON         0x0000000020003338       0x40 Core/Src/tim.o
                0x0000000020003338                htim4
 COMMON         0x0000000020003378        0x4 Drivers/STM32F4xx_HAL_Driver/Src/stm32f4xx_hal.o
                0x0000000020003378                uwTick
 COMMON         0x000000002000337c       0x54 PDM2PCM/App/pdm2pcm.o
                0x000000002000337c                PDM1_filter_config
                0x0000000020003384                PDM1_filter_handler
 COMMON         0x00000000200033d0      0x2d0 USB_DEVICE/App/usb_device.o
                0x00000000200033d0                hUsbDeviceFS
 COMMON         0x00000000200036a0     0x1000 USB_DEVICE/App/usbd_cdc_if.o
                0x00000000200036a0                UserRxBufferFS
                0x0000000020003ea0                UserTxBufferFS
 COMMON         0x00000000200046a0      0x200 USB_DEVICE/App/usbd_desc.o
                0x00000000200046a0                USBD_StrDesc
 COMMON         0x00000000200048a0      0x408 USB_DEVICE/Target/usbd_conf.o
                0x00000000200048a0                hpcd_USB_OTG_FS
 COMMON         0x0000000020004ca8        0x4 c:/st/stm32cubeide_1.5.0/stm32cubeide/plugins/com.st.stm32cube.ide.mcu.externaltools.gnu-tools-for-stm32.7-2018-q2-update.win32_1.5.0.202011040924/tools/bin/../lib/gcc/arm-none-eabi/7.3.1/../../../../arm-none-eabi/lib/thumb/v7e-m/fpv4-sp/hard\libc_nano.a(lib_a-reent.o)
                0x0000000020004ca8                errno
                0x0000000020004cac                . = ALIGN (0x4)
                0x0000000020004cac                _ebss = .
                0x0000000020004cac                __bss_end__ = _ebss

._user_heap_stack
                0x0000000020004cac     0x6004 load address 0x00000000080103ac
                0x0000000020004cb0                . = ALIGN (0x8)
 *fill*         0x0000000020004cac        0x4 
                [!provide]                        PROVIDE (end = .)
                0x0000000020004cb0                PROVIDE (_end = .)
                0x0000000020006cb0                . = (. + _Min_Heap_Size)
 *fill*         0x0000000020004cb0     0x2000 
                0x000000002000acb0                . = (. + _Min_Stack_Size)
 *fill*         0x0000000020006cb0     0x4000 
                0x000000002000acb0                . = ALIGN (0x8)

/DISCARD/
 libc.a(*)
 libm.a(*)
 libgcc.a(*)

.ARM.attributes
                0x0000000000000000       0x30
 *(.ARM.attributes)
 .ARM.attributes
                0x0000000000000000       0x22 c:/st/stm32cubeide_1.5.0/stm32cubeide/plugins/com.st.stm32cube.ide.mcu.externaltools.gnu-tools-for-stm32.7-2018-q2-update.win32_1.5.0.202011040924/tools/bin/../lib/gcc/arm-none-eabi/7.3.1/thumb/v7e-m/fpv4-sp/hard/crti.o
 .ARM.attributes
                0x0000000000000022       0x34 c:/st/stm32cubeide_1.5.0/stm32cubeide/plugins/com.st.stm32cube.ide.mcu.externaltools.gnu-tools-for-stm32.7-2018-q2-update.win32_1.5.0.202011040924/tools/bin/../lib/gcc/arm-none-eabi/7.3.1/thumb/v7e-m/fpv4-sp/hard/crtbegin.o
 .ARM.attributes
                0x0000000000000056       0x39 Core/Src/crc.o
 .ARM.attributes
                0x000000000000008f       0x39 Core/Src/cs43l22.o
 .ARM.attributes
                0x00000000000000c8       0x39 Core/Src/dma.o
 .ARM.attributes